
> tavern-branch-story-engine@1.4.6 test
> node --test tests/*.test.js

✔ 连接地址兼容基础地址与完整 completions 地址 (1.787596ms)
✔ 模型列表使用同一地址及密钥，保留完整 ID 而非显示别名，不调用生成接口 (9.479359ms)
✔ 404 显示服务错误与实际接口，隐藏密钥和 URL 查询参数，不盲目重试 (1.469808ms)
✔ 模型列表可取消，非 JSON 响应明确报告协议问题 (0.772831ms)
✔ 自然语言事件证据需原文引用与正确主体，遗漏候选保留不确定 (2.996031ms)
✔ 提出/拒绝保留状态，未知事件 ID、非 JSON 和截断输出被拒绝 (4.1809ms)
✔ 输入超限明确拒绝且未请求 API，不截断后当作全面分析 (0.237807ms)
✔ 取消传到 fetch AbortSignal，失败不泄漏返回正文中的凭据 (0.684308ms)
✔ 可选 JSON 模式及非思考参数，只发送局部对话和候选 (0.378569ms)
✔ 模型分段保留原文，节点 ID 由脚本生成，清除模型奖励和代码 (5.38598ms)
✔ 事件与基础拆分使用用户编辑的系统提示词 (0.436415ms)
✔ 分析保留原文、重映射走向结局伏笔引用，不把未来答案注入主模型 (1.976569ms)
✔ 忠于原文拒绝虚构摘录和新增节点，补充分支必须显式标为建议 (2.153775ms)
✔ 长文本自动分块后整合，全部请求遵守字符预算且保留跨段伏笔 (14.629124ms)
✔ 分析取消后不启动后续分块 (0.579341ms)
✔ 跨段整合遗漏原节点时拒绝应用 (4.120008ms)
✔ 分析得到嵌套OR/AND/NOT与永久失去路径，转化后的真实入口和领奖仍按完整条件执行 (14.88602ms)
✔ 数值门槛与特殊许可为OR，分析保存原文数值边界而非编造默认值 (1.694926ms)
✔ 有原文依据的互斥保留为运行规则；未知、自身互斥和虚构证据拒绝 (2.409539ms)
✔ 分散证据逐条检查，空组合和部分虚构不能形成条件 (1.036517ms)
✔ 分析与基础整理共用条件校验，入口、前提、代价和数字边界不会只落入报告 (1.928156ms)
✔ 事件包触发与持续条件独立保存；持续条件没有依据不能默认为true (1.045851ms)
✔ 仅迁移v1.4.0默认提示词；自定义分析和合并提示词完整保留 (2.799405ms)
✔ 长文携带已提取的完整规则及待核对事项，整合遗漏出口或返回true不能擦掉既有条件 (10.271168ms)
✔ 整合可补充有依据的跨段条件，但未知结果定义和无依据条件不能放行 (22.536352ms)
✔ 整合补充已有无条件出口的规则，保留条件明确出口及原有结果互斥 (4.847932ms)
✔ 跨块completed/visited前提按实际节点重映射，分块恢复与全文恢复均保留关系 (3.956473ms)
✔ 跨块重定义变量边界或事件包持续条件产生冲突时拒绝，不悄悄覆盖 (2.453054ms)
✔ 转化保留原文、分支、条件、证据及旧事件，仅为明确阶段登记完成事件，可重复转化且不改原草稿 (7.318764ms)
✔ 阶段事件随节点标准同步；拒绝多次结算、额外奖励、错误引用和重复绑定 (3.423693ms)
✔ 节点与完成事件共用一笔结算，重复确认不加奖励；普通撤销同时恢复两边 (1.553934ms)
✔ 未进入、前提未满足和事件包锁定时不能核验或结算；结果满足后才开放完成规则 (5.681284ms)
✔ 依赖回退同时撤销节点和完成事件，保留独立包；关系图保留包内阶段完成箭头 (4.724437ms)
✔ 分析后刷新仍可转化编辑草稿，无额外API；旧进度保留，新剧本关闭注入，完成规则持久化 (16.241766ms)
✔ 恢复已有分析结果也可本地转化，坏草稿和忙碌状态保持当前剧本、进度与分析草稿 (4.53318ms)
✔ 辅助API阶段完成与事件人工确认使用同一回执，重复核验不会再次结算 (9.984808ms)
✔ 人工确认支线阶段事件按绑定包结算，主包游标和奖励不受影响 (4.985228ms)
✔ A/B 条件覆盖四种组合，未解锁的出口不可直接进入 (4.037565ms)
✔ 完成节点只奖励一次，返回继续搜集，两条证据解锁 C (6.092001ms)
✔ 事件按来源去重、边界钳制、回退恢复收集变量及结算来源 (0.923026ms)
✔ 一次性事件、节点范围和前置条件筛选 (1.037659ms)
✔ 注入仅含当前指引及选择的变量，与素材库大小无关 (1.285972ms)
✔ 拒绝危险 JSON、失效引用、重复 ID 和变量类型冲突 (1.722707ms)
✔ 修改剧本保留 ID 进度，清除旧判断；删除已访问节点被拒绝 (0.587322ms)
✔ 操作历史限制为 25 条，不保存每步全文快照 (15.955216ms)
✔ 生成回复不直接加分；显式确认后人工接受，只结算一次 (15.683222ms)
✔ 自动结算多个事件后检查记录正常完成，没有残留 checking 或重复奖励 (5.51133ms)
✔ 发出下一条用户消息才自动确认上一条，关闭自动检查不发请求 (2.900113ms)
✔ 源回复被替换后晚到的 API 结果不结算 (2.682214ms)
✔ 切换聊天或手动改进度后晚到的返回不污染当前会话 (3.97532ms)
✔ 已经结算的消息编辑触发暂停，回退恢复奖励及结算标记 (7.742597ms)
✔ 预算按批限制，剩余候选明确待查，继续后不重复检查 (4.456333ms)
✔ 批次失败保留已检查结果，重试只补剩余批次 (3.33041ms)
✔ 人工结算旧证据前再次核对来源；手动每轮事件按同条回复去重 (4.308772ms)
✔ 密钥不默认落盘、不进入导出，明确记住后才保存 (1.990855ms)
✔ 模型整理只生成可编辑草稿，刷新可恢复，显式应用后才换剧本 (6.178414ms)
✔ 异步世界书编辑期间切换聊天，不把旧会话进度写进新聊天 (2.165638ms)
✔ 快捷分支只列出当前可用及已解锁选项，暂停时隐藏 (3.160344ms)
✔ 分析草稿不自动替换剧本，刷新恢复；过期分析结果不污染当前聊天 (4.057313ms)
✔ 世界书保存关闭所有自有条目自动激活，保留其他条目和 uid (6.438935ms)
✔ 同一世界书多剧本，保存当前项目保留其他项目 (2.323405ms)
✔ 聊天变量按会话隔离，写入保留其他插件变量 (4.930157ms)
✔ 注入禁止世界书扫描，清理仅删除自己的注入 (1.27607ms)
✔ 适配 TavernHelper._bind，接口绑定脚本窗口而非宿主窗口 (0.396917ms)
✔ 旧草稿迁入剧本库，旧当前剧本与工作草稿不丢失 (9.608704ms)
✔ A/B切换保存独立内容、数值进度、分析/整理草稿与原始回复，刷新仍能恢复 (13.318714ms)
✔ 复制内容与规则但使用新剧本身份，进度、奖励与原始回复从零开始 (5.236036ms)
✔ 同一世界书的多个剧本独立入库、读取及编辑，不改相邻项目和普通条目 (11.324415ms)
✔ 世界书读取失败或并发变更不覆盖当前剧本 (3.6233ms)
✔ 活动辅助任务禁止库切换、新建和移除，不污染原稿；移出需由UI确认且只移除本地库 (2.558409ms)
✔ 项目切换自动关闭注入，聊天进度分别保存，陌生库ID拒绝 (7.566062ms)
✔ 规划在正式分析之前；短篇保留完整原文与实际请求，数值规则本地转化并持久化 (25.581761ms)
✔ 数值效果未知变量/虚构依据/缺完成标准/无依据重复与次数上限均拒绝 (1.707889ms)
✔ 单次行为上限与载体总上限独立，门槛停止生效，回退后次数可以恢复 (1.339114ms)
✔ 长文分段规划跨窗口覆盖每个字符，逐段分析后整合，请求均遵守输入预算 (20.618706ms)
✔ 无效/遗漏/重复规划边界回退本地，不丢原文；规划结果不能恢复为剧本 (3.628489ms)
✔ 某段截断自动缩小重试，保留之前成功段，完整后才交给整合 (1.871384ms)
✔ 截断连续失败最多缩小三次，不生成半截草稿；取消规划不开始后续段 (1.49551ms)
✔ 分段数值事件与节点效果经整合/恢复保留，模型不能覆盖原奖励 (3.298251ms)
✔ 默认预算提升，旧精确默认迁移、自定义配置保留 (1.41632ms)
✔ 快速整理同样提取有依据数值规则，分段规划不会参与基础整理 (0.906794ms)
✔ 长文原始记录复用全文与证据；累计恢复上下文达到预算时显式标记 (63.5238ms)
✔ 超过旧20万字符仍可自动分析，超过100万拒绝且不发送请求 (59.634074ms)
✔ 最终整合截断时分组重试，已有分段不重跑，局部整合恢复明确标记 (4.478186ms)
✔ 数值触发与 b2+c1 → a4 → d1：解锁不授予结果，结算一次，包内阶段不可跳过 (13.51494ms)
✔ 启动阈值只控制首次解锁，持续条件可暂停；手动返回主线后不立即被抢回 (1.156269ms)
✔ 切换事件包独立恢复游标和摘要；主模型只注入主包与最多一条支线 (1.187937ms)
✔ 依赖诊断拒绝未定义结果、缺少来源、闭合循环、AND互斥；存在OR入口的循环可用 (3.608588ms)
✔ 连带回退撤销实际依赖链，保留独立结果与数值结算；备份保留来源 (2.836246ms)
✔ OR回退记录本次实际使用的前提，不因事后有另一前提而保留旧后续 (2.424006ms)
✔ 关系图显示条件门、箭头、解锁与完成状态；包筛选保留跨包前提，文本转义 (3.035797ms)
✔ 真实发送流程跨包快捷选择与自由输入：只填草稿，发出后记录和切换 (18.427449ms)
✔ 跨包核验仍绑定本轮注入游标，不用旧回复结算刚解锁的新包，来源编辑清空全部摘要 (13.875141ms)
✔ 外部聊天数值触发、类型校验、持久化包进度和世界书定义 (10.308812ms)
✔ 优先级不打断当前包，显式高优先级打断后能恢复原阶段；撤销返回主线恢复选择策略 (0.758851ms)
✔ 同次奖励的互斥结果也被拒绝，操作保持原子性；事件包备份类型错误拒绝载入 (0.594995ms)
✔ 损坏事件包备份被拒绝时保持现有项目、状态和注入，聊天切换载入失败会清掉旧注入 (3.335798ms)
✔ 行为上限与载体总上限独立：69加4只到70，其他行为仍可到100；减少可设独立下限 (12.42527ms)
✔ 重复行为按回复编号去重：重试、改写指纹、手动和自动共用回执；新回复可再结算，撤销可重做 (1.087906ms)
✔ 多事件同批结算重新核对数值条件，不越过行为上限，也不重复奖励 (16.736136ms)
✔ 生成结束后即核验独立行为，流式接收不奖励；关闭自动核验后不调用 (24.253483ms)
✔ 同轮阶段完成不会让新解锁的事件读取旧正文，原阶段行为仍按原范围结算 (10.90222ms)
✔ 已获得视图读取正式记录，只列实际结果、公开说明、取得来源；回退同步撤下 (0.949769ms)
✔ 新短编号不与已有ID碰撞、不复用已预留ID；旧ID不变，图只使用展示别名 (1.680497ms)
✔ 结果删除预览覆盖节点、出口、行为、事件包和结果前提；禁止或明确移除不会留下悬空引用 (1.178453ms)
✔ 删除事件清理无引用且未取得的输出结果，保留数值；已有来源或被引用的结果保留 (6.110882ms)
✔ 已有结算的结果和事件不能直接删；先回退后可删，解除旧依赖错误后提示同步清除 (8.526826ms)
✔ 分析已发请求与模型实际收到的messages一致，失败前也保留，不含鉴权密钥；自定义提示词持久化 (10.474767ms)
✔ 仅玩家意图证据不能自动领取行为奖励；原文之外的可选结果说明不进入玩家背包 (2.300241ms)
✔ 请求失败也保留实际发送提示词；配置无效而未发送时不伪造已发记录 (6.378915ms)
✔ 有限奖励记录实际数值来源，选择性回退其来源时也撤销受该限值影响的奖励 (0.909929ms)
✔ 完成字段只规范文本数组/换行文本，不猜测对象语义，错误包含节点与字段 (9.037855ms)
✔ 验证失败前保存完整回复，刷新可修复，恢复零额外请求、原项目不替换、导出无密钥 (17.01826ms)
✔ length截断在格式校验前保留且禁止作为完整草稿恢复，提示分析输出预算，无重试 (4.259397ms)
✔ 整合失败保留分块骨架，修改整合报告后恢复全篇；单块恢复明确标记部分草稿 (10.372343ms)
✔ 本轮支线独立结算且不会使下一主包消费同一回复；配置变化拒绝晚到完成 (20.295159ms)
✔ 后文分块继承前文数值定义，整合保留事件包条件及原文证据，不会合并成无条件 (3.323299ms)
✔ 大分析回复超过快速请求45秒仍能接收，整理和整合使用独立超时 (12.479302ms)
✔ 真实截止触发超时分类，明确等待阶段且不自动重试 (0.945693ms)
✔ 读取正文时超时不冒充JSON错误；主动取消有独立原因且隐藏密钥 (0.915266ms)
✔ 取消后晚到的模型列表不能当作正常响应返回 (0.46563ms)
✔ 导入后台原始或完整响应只生成校验后的草稿，不重复调用API (4.672138ms)
✔ 后台恢复草稿不会替换当前项目，刷新后可继续检查和应用 (5.683409ms)
✔ 来源索引覆盖全文且位置精确，保留换行、标记及代理对 (1.619025ms)
✔ 编号选取单段或连续多段，由程序还原原文而非信任转述 (8.657904ms)
✔ 未知/逆序/缺字段/非对象来源拒绝并指出节点；不能用旧detail绕过坏编号 (0.604009ms)
✔ 同一来源片段内用短首尾定位精确选取，不能省略中间句或伪造定位 (0.596758ms)
✔ 补写不能冒充原文，也不能依靠来源编号取得自动规则 (0.582216ms)
✔ 旧回复只改变空白时本地恢复唯一连续原文，不请求API (0.55182ms)
✔ 旧回复改字/删句/换标点/倒序/分散摘录拒绝；空白归一存在歧义也拒绝 (0.935377ms)
✔ 主分析和快速整理发送相同来源索引，模型不抄正文也生成可编辑草稿 (3.588017ms)
✔ 分块来源编号只用于本块，整合与恢复保留本地原文和跨块索引 (5.627235ms)
✔ 来源编号不代替数值/完成规则的精确证据，虚构依据仍拒绝 (1.106694ms)
✔ v1.4.2默认自动升级到来源编号格式，作者自定义提示词保持原样 (4.032957ms)
✔ 旧回复只丢失Markdown标题/粗体时恢复真实原文，仍拒绝改字、漏句和符号变化 (0.973735ms)
✔ 节点正文失败自动补修来源，模型额外输出的条件与奖励不能覆盖原稿 (1.034867ms)
✔ 来源补修失败最多两次，停止生成草稿且保留原节点诊断 (1.032994ms)
✔ 来源补修只能修原文；规则证据失败不重试，取消补修不接受晚到结果 (1.077851ms)
✔ 手动补修保留失败回复及规则，最多两次，已能本地恢复时零API (6.555852ms)
✔ 手动补修拒绝截断回复和错误原文，不调用API；成功本地恢复清掉历史错误 (1.954881ms)
✔ 变量证据只差排版本地恢复，数值字符串恢复JSON数字，条件和奖励不变 (11.002791ms)
✔ 改写、改数值、漏句、来源编号和排版匹配歧义不能作为变量证据 (1.812636ms)
✔ 类型错误单独说明，不再被冒充为缺少初始值依据 (1.239565ms)
✔ 辅助模型integer写法仅在初始值和边界为安全整数时本地兼容，不改数值或额外调用API (2.779081ms)
✔ 可选背包说明改写只留空警告；原文定义、取得前提、完成及数值效果仍校验 (1.430271ms)
✔ 可选说明仅排版差异恢复为原文，既有分块结果说明与取得条件不被覆盖 (0.886814ms)
✔ 缺少变量依据时自动定向补修，忽略模型的默认值、边界和奖励修改 (1.653647ms)
✔ 原文有初始值但模型漏填时可定向补齐，不漏掉原有数值规则 (0.910469ms)
✔ 多个变量缺依据集中一次补修，完整性要求覆盖全部指定ID (2.329735ms)
✔ 补修无初始值则待配置，保留原始回复不生成可执行草稿，不重试或猜0 (8.762742ms)
✔ 变量补修至多两次；未知、重复ID及半截格式不修改原稿 (1.771245ms)
✔ 节点来源和变量补修共用两次预算，不能在失败之间无限循环 (0.872573ms)
✔ 手动补修失败记录，已有依据本地恢复零API；取消不接受晚到补修 (1.358233ms)
✔ 分块变量证据可来自全篇，补修记录保持本块来源；既有变量不重复猜初值 (3.252603ms)
✔ v1.4.4默认提示词升级，自定义保留，变量在本地结算而非让API计算 (2.037004ms)
✔ 快捷选择保留原稿，发送前不切换节点、不领奖，发送后记录并注入同轮剧情 (22.070139ms)
✔ 改写快捷草稿以最终输入为准；生成钩子等待辅助选择，重复钩子不重复请求 (9.964819ms)
✔ 普通聊天和歧义保持当前阶段，不可选目标仍被本地条件拒绝 (5.942489ms)
✔ 选择识别的晚到结果不能污染新聊天或已修改输入 (4.872479ms)
✔ 跨轮摘要辅助实际完成，一次写入ID、清掉工作摘要、开放对应出口 (8.115368ms)
✔ 阶段核验返回前来源改变，不能应用旧完成结果 (3.747608ms)
✔ 分析保留有原文依据的运行规则，a与a1独立，未知结果不能进入草稿 (4.502583ms)
✔ 辅助选择禁止未知目标、超预算；没有有效原文证据的完成降为不确定 (0.879323ms)
✔ 仅迁移旧默认分析提示词，保留用户自定义提示词 (0.689557ms)
✔ 长文分块沿用已确认结果定义，合并不能擦掉已有解锁条件 (4.506759ms)
✔ 自动核验等待生成结束，流式接收不结算，切换已核验回复暂停 (19.622316ms)
✔ 只引用玩家意图或仍缺条件的完成结果不会结算 (0.651681ms)
✔ 关闭节点自动结算保留完成判定，手动确认仍按本地预设一次写入 (4.654082ms)
ℹ tests 168
ℹ suites 0
ℹ pass 168
ℹ fail 0
ℹ cancelled 0
ℹ skipped 0
ℹ todo 0
ℹ duration_ms 702.946135
npm notice
npm notice New major version of npm available! 11.9.0 -> 12.2.0
npm notice Changelog: https://github.com/npm/cli/releases/tag/v12.2.0
npm notice To update run: npm install -g npm@12.2.0
npm notice
