✔ 候选实际deriveRelicClosure尊重人工false和true (26.337669ms)
✔ 候选依赖使用有效父字段，关闭二阶段不新增一阶段 (2.114196ms)
✔ 候选日期校正同楼不重算，下一楼正常累加 (2.206569ms)
✔ 候选writeStat实际走共享服务，双方都回读 (5.852975ms)
✔ 候选完整applyStatusToVars缺状态块不改日期 (11.241863ms)
✔ 候选panel模板除三资源占位外可编译，实际状态读取覆盖接入存在 (3.88991ms)
✔ 人工灭后自动补真被挡；历史阶段保留 (9.565965ms)
✔ 人工true不被自动撤销 (2.692426ms)
✔ 阶段降级清高阶，低阶历史前缀保留 (2.763287ms)
✔ 缺正文四阶拒绝 (0.850818ms)
✔ 灵犀成形精确映射，未虚构穴成形 (0.72888ms)
✔ 烟霞熄灭通过阶段否定，不新造字段 (1.293264ms)
✔ 归属清空不会被NPC自动补回 (1.422345ms)
✔ 强制显示反色不修改归属，不点亮灰纹 (0.889751ms)
✔ 无有效来源解除手工true回false；墓碑不复活 (1.776105ms)
✔ 解除人工关闭有前置则重算自动成形 (1.518384ms)
✔ 不合法独立依赖不会让解除恢复true (2.42134ms)
✔ 日期保持累计平移基准，自定义六月初七保持 (0.809301ms)
✔ 非法日期与早期未来事件被拒，未写盘 (0.586184ms)
✔ 只允许主线白名单 (0.231943ms)
✔ 原型污染被拒 (0.248614ms)
✔ 单笔撤销完整覆盖和事实，日志在chat顶层 (2.653423ms)
✔ 相关键后续修改拒绝盲撤销 (0.611511ms)
✔ 无关状态改变不被撤销覆盖 (0.941087ms)
✔ 预览后事实改变要求重新预览 (0.407681ms)
✔ 切聊天或最新楼变化不写入 (0.338982ms)
✔ epoch捕获往返切聊天 (0.332911ms)
✔ 双击同一预览至多提交一笔 (0.6215ms)
✔ 消息层失败补偿chat，不动其他键 (0.679879ms)
✔ bool false返回是失败，不伪装通过 (0.362136ms)
✔ 没有覆盖时自动流程正常 (0.243244ms)
✔ 旧GM修改的已注册字段也登记人工锁 (0.629205ms)
✔ 全部保持时拒绝空操作 (0.209321ms)
✔ 已污染多事实可逐项纠正，不阻塞无关纹章修复 (2.272021ms)
✔ 新聊天空变量层可初始化，不退回整层替换 (0.290432ms)
ℹ tests 35
ℹ suites 0
ℹ pass 35
ℹ fail 0
ℹ cancelled 0
ℹ skipped 0
ℹ todo 0
ℹ duration_ms 115.002461
