
> tavern-branch-story-engine@1.4.2 test:browser
> node tests/browser.js && node tests/workflow.browser.js && node tests/packages.browser.js && node tests/player.browser.js && node tests/startup.browser.js && node tests/longtext.browser.js

✓ 桌面：运行区与节点区独立防剧透、确认/取消/重新隐藏；启用后自动显示输入栏选项，输入栏隐藏/恢复/替换与刷新保留关闭设置；API、事件、分支和进度功能
✓ 手机：启用后直接选择行动且保留输入草稿，暂停/继续隐藏和恢复选项；运行区防剧透、触控拖动、390px/320px 七页布局、分析与导入导出、刷新和新剧本重新锁定
✓ 浏览器运行错误：0；模拟生成请求：5；模型列表请求：2
✓ 桌面：分析超45秒→顶部转化按钮→取消与刷新保留草稿→后台JSON恢复→零额外请求转化剧本/5事件/分支→快捷或自由输入→同轮注入→短摘要→a/b/a1/ab→失败重试→节点与事件共用一次结算
✓ 手机：分析超45秒→顶部转化按钮→取消与刷新保留草稿→后台JSON恢复→零额外请求转化剧本/5事件/分支→快捷或自由输入→同轮注入→短摘要→a/b/a1/ab→失败重试→节点与事件共用一次结算
✓ 完整行动流程浏览器错误：0；全部使用模拟辅助 API
事件包、箭头图、防剧透、连带回退与原始回复恢复：1366px 通过
事件包、箭头图、防剧透、连带回退与原始回复恢复：390px 通过
事件包、箭头图、防剧透、连带回退与原始回复恢复：320px 通过
新增浏览器场景错误0；全部使用模拟API。
1366px：当前阶段/折叠/⚙️/🎒/正文空间/数值奖励/结果删除/提示词保存与实发/刷新/卸载通过
390px：当前阶段/折叠/⚙️/🎒/正文空间/数值奖励/结果删除/提示词保存与实发/刷新/卸载通过
320px：当前阶段/折叠/⚙️/🎒/正文空间/数值奖励/结果删除/提示词保存与实发/刷新/卸载通过
玩家小面板新增浏览器错误0；模拟API。
✓ namespace _bind、隐藏 iframe、父页面代理和 browser module 全局兼容
✓ 主线路失败或旧缓存后通过备用线路加载
✓ 主线路失败或旧缓存后通过备用线路加载
✓ 全部下载失败时显示原因，不静默消失
✓ 缺少酒馆助手接口时显示启动错误
✓ 世界书读取尚未完成时，面板入口已显示
✓ 浏览器阻止动态执行时显示原因
1366px：规划→截断缩段→整合→数值转化/限次/本地结算，固定导航/恢复入口/草稿保留通过
390px：规划→截断缩段→整合→数值转化/限次/本地结算，固定导航/恢复入口/草稿保留通过
320px：规划→截断缩段→整合→数值转化/限次/本地结算，固定导航/恢复入口/草稿保留通过
npm notice
npm notice New major version of npm available! 11.9.0 -> 12.2.0
npm notice Changelog: https://github.com/npm/cli/releases/tag/v12.2.0
npm notice To update run: npm install -g npm@12.2.0
npm notice
