
> tavern-branch-story-engine@1.6.0 test
> node --test tests/*.test.js

✔ 连接地址兼容基础地址与完整 completions 地址 (2.434933ms)
✔ 模型列表使用同一地址及密钥，保留完整 ID 而非显示别名，不调用生成接口 (12.975499ms)
✔ 404 显示服务错误与实际接口，隐藏密钥和 URL 查询参数，不盲目重试 (1.958667ms)
✔ 模型列表可取消，非 JSON 响应明确报告协议问题 (2.010525ms)
✔ 自然语言事件证据需原文引用与正确主体，遗漏候选保留不确定 (1.621479ms)
✔ 提出/拒绝保留状态，未知事件 ID、非 JSON 和截断输出被拒绝 (1.560578ms)
✔ 输入超限明确拒绝且未请求 API，不截断后当作全面分析 (0.310257ms)
✔ 取消传到 fetch AbortSignal，失败不泄漏返回正文中的凭据 (1.610092ms)
✔ 可选 JSON 模式及非思考参数，只发送局部对话和候选 (0.4787ms)
✔ 模型分段保留原文，节点 ID 由脚本生成，清除模型奖励和代码 (8.365955ms)
✔ 事件与基础拆分使用用户编辑的系统提示词 (0.866944ms)
✔ 分析保留原文、重映射走向结局伏笔引用，不把未来答案注入主模型 (3.823311ms)
✔ 忠于原文拒绝虚构摘录和新增节点，补充分支必须显式标为建议 (3.255298ms)
✔ 长文本自动分块后整合，全部请求遵守字符预算且保留跨段伏笔 (24.606578ms)
✔ 分析取消后不启动后续分块 (0.739102ms)
✔ 跨段整合遗漏原节点时拒绝应用 (8.110852ms)
✔ 普通事件零额外API、本地奖励与去重，状态栏读取结算后快照 (28.930843ms)
✔ 自然结束按钮只填行动，关键阶段主模型成功也不直接取得房卡或打开B (8.273286ms)
✔ 自主输入不调用分支识别API，阶段集中复核成功后才开放后续 (9.496687ms)
✔ 复核否决不倒带或修改正文，保持当前阶段并允许继续行动 (9.223946ms)
✔ 集中核验失败最多三次重试，完整性错误不会误放行 (8.671325ms)
✔ 待定赠礼下一轮完成沿用同一次尝试，不发重复奖励 (7.953425ms)
✔ 主体不符、未知ID、引用回报自身及截断标记都不能结算 (21.778522ms)
✔ 数值被用于任何解锁门槛时自动转为关键，普通设置不能绕过 (6.650845ms)
✔ 同一阶段普通互动按三回合节奏集中核验待定事件 (12.976261ms)
✔ 核验进行时普通互动不等待，配置或聊天切换丢弃晚到结果 (10.654333ms)
✔ 角色卡按avatar稳定隔离，同名卡、旧请求和新聊天进度不会混合 (5.221316ms)
✔ 真实API集中核验必须返回全部候选及请求标识，回报正文不作为证据 (1.857644ms)
✔ 隐藏回报注释必须完整关闭，未知在场角色不得跨候选注入 (5.322908ms)
✔ 影响另一个事件前置数值的奖励也先核验，不能以普通级别绕过 (0.28582ms)
✔ 关闭自动结算的已核验关键结果保留，作者确认一次后开启依赖 (7.09231ms)
✔ 新简短注释及旧标签均可读取，完整JSON缺旧尾标签与TSE共存仅恢复格式 (0.356016ms)
✔ 半截JSON、半截注释/TSE、额外正文、重复报告、错误回合均不被格式恢复放行 (0.409436ms)
✔ TSE元数据中的文字不能冒充主模型或辅助核验证据，不合并两侧正文 (0.541435ms)
✔ 截图格式的普通阶段本地完成并更新后续、记录、图，不增加API (8.682757ms)
✔ 旧版拒绝的同轮报告可手动重读，奖励只结算一次，不增加回合数 (6.957686ms)
✔ 关键阶段缺API显示明确原因，图与行动均保持入口关闭，配置后核验恢复 (8.554779ms)
✔ 旧默认短报告提示词精确迁移，自定义提示词保留 (1.783072ms)
✔ 格式失败重读后恢复进行中，移除同来源的占位候选，格式仍错保持原因 (7.196887ms)
✔ 自由跟踪合法进入下一阶段，越界完成项不吞选择、不发新阶段结果、零辅助API (7.613414ms)
✔ 重复/坏阶段项和错误事件项独立忽略，普通有效事件仍结算；重复同ID不择一放行 (0.253211ms)
✔ 玩家输入只证明入口选择，不能成为完成/领奖依据；未知入口与错误turn不放行 (0.345089ms)
✔ 进入选择仍遵守本地结果门槛，报告部分出错不把锁住路线当合法 (6.021208ms)
✔ 输入被编辑后不能用注入时的旧选择证据推进 (10.405258ms)
✔ 分析得到嵌套OR/AND/NOT与永久失去路径，转化后的真实入口和领奖仍按完整条件执行 (17.464954ms)
✔ 数值门槛与特殊许可为OR，分析保存原文数值边界而非编造默认值 (3.059022ms)
✔ 有原文依据的互斥保留为运行规则；未知、自身互斥和虚构证据拒绝 (3.973187ms)
✔ 分散证据逐条检查，空组合和部分虚构不能形成条件 (1.435961ms)
✔ 分析与基础整理共用条件校验，入口、前提、代价和数字边界不会只落入报告 (3.093374ms)
✔ 事件包触发与持续条件独立保存；持续条件没有依据不能默认为true (1.762912ms)
✔ 仅迁移v1.4.0默认提示词；自定义分析和合并提示词完整保留 (4.353639ms)
✔ 长文携带已提取的完整规则及待核对事项，整合遗漏出口或返回true不能擦掉既有条件 (16.302785ms)
✔ 整合可补充有依据的跨段条件，但未知结果定义和无依据条件不能放行 (31.964606ms)
✔ 整合补充已有无条件出口的规则，保留条件明确出口及原有结果互斥 (10.72239ms)
✔ 跨块completed/visited前提按实际节点重映射，分块恢复与全文恢复均保留关系 (4.587567ms)
✔ 跨块重定义变量边界或事件包持续条件产生冲突时拒绝，不悄悄覆盖 (2.918801ms)
✔ 转化保留原文、分支、条件、证据及旧事件，仅为明确阶段登记完成事件，可重复转化且不改原草稿 (8.104842ms)
✔ 阶段事件随节点标准同步；拒绝多次结算、额外奖励、错误引用和重复绑定 (7.375726ms)
✔ 节点与完成事件共用一笔结算，重复确认不加奖励；普通撤销同时恢复两边 (1.451113ms)
✔ 未进入、前提未满足和事件包锁定时不能核验或结算；结果满足后才开放完成规则 (2.813663ms)
✔ 依赖回退同时撤销节点和完成事件，保留独立包；关系图保留包内阶段完成箭头 (5.81983ms)
✔ 分析后刷新仍可转化编辑草稿，无额外API；旧进度保留，新剧本关闭注入，完成规则持久化 (27.743357ms)
✔ 恢复已有分析结果也可本地转化，坏草稿和忙碌状态保持当前剧本、进度与分析草稿 (7.484359ms)
✔ 辅助API阶段完成与事件人工确认使用同一回执，重复核验不会再次结算 (14.396858ms)
✔ 人工确认支线阶段事件按绑定包结算，主包游标和奖励不受影响 (9.455214ms)
✔ A/B 条件覆盖四种组合，未解锁的出口不可直接进入 (6.867322ms)
✔ 完成节点只奖励一次，返回继续搜集，两条证据解锁 C (5.434495ms)
✔ 事件按来源去重、边界钳制、回退恢复收集变量及结算来源 (0.900926ms)
✔ 一次性事件、节点范围和前置条件筛选 (0.673032ms)
✔ 注入仅含当前指引及选择的变量，与素材库大小无关 (1.225093ms)
✔ 拒绝危险 JSON、失效引用、重复 ID 和变量类型冲突 (1.493898ms)
✔ 修改剧本保留 ID 进度，清除旧判断；删除已访问节点被拒绝 (0.560403ms)
✔ 操作历史限制为 25 条，不保存每步全文快照 (14.04582ms)
✔ 生成回复不直接加分；显式确认后人工接受，只结算一次 (25.023804ms)
✔ 自动结算多个事件后检查记录正常完成，没有残留 checking 或重复奖励 (6.766078ms)
✔ 发出下一条用户消息才自动确认上一条，关闭自动检查不发请求 (7.532071ms)
✔ 源回复被替换后晚到的 API 结果不结算 (4.803486ms)
✔ 切换聊天或手动改进度后晚到的返回不污染当前会话 (8.318835ms)
✔ 已经结算的消息编辑触发暂停，回退恢复奖励及结算标记 (9.912963ms)
✔ 预算按批限制，剩余候选明确待查，继续后不重复检查 (7.310267ms)
✔ 批次失败保留已检查结果，重试只补剩余批次 (6.699418ms)
✔ 人工结算旧证据前再次核对来源；手动每轮事件按同条回复去重 (5.544692ms)
✔ 密钥不默认落盘、不进入导出，明确记住后才保存 (4.573009ms)
✔ 模型整理只生成可编辑草稿，刷新可恢复，显式应用后才换剧本 (11.74545ms)
✔ 异步世界书编辑期间切换聊天，不把旧会话进度写进新聊天 (4.758138ms)
✔ 快捷分支只列出当前可用及已解锁选项，暂停时隐藏 (6.816314ms)
✔ 分析草稿不自动替换剧本，刷新恢复；过期分析结果不污染当前聊天 (8.459646ms)
✔ 三处省略号拼接逐条精确恢复，完成与解锁依据均保留、零API (13.675202ms)
✔ 原文自身含省略号保持连续引用，不误拆；改字/半空/超8引用不能放行 (1.410151ms)
✔ 一次列出所有证据错误，带节点/字段及拼接诊断 (0.394152ms)
✔ 定向补修只接受指定证据路径，模型额外修改条件/奖励无效且能恢复补修回复 (5.758232ms)
✔ 补修未知路径、重复路径、无依据或complete:false不会放行，最多两次 (2.327181ms)
✔ 作者流程使用不同提示词和独立模型，分析后复核实际转化的阶段事件 (3.13086ms)
✔ 分段复核发现错误，只重提取当前分段并再次独立复核，有上限且额外请求计数 (3.047965ms)
✔ 转化复核有错误或被截断，草稿保留但不替换当前剧本 (35.618623ms)
✔ 复核回复不完整不当作通过；保留失败分析草稿，取消复核不应用晚到结果 (8.474789ms)
✔ 长篇转化复核按预算分组，所有节点和规则覆盖，单项不截断 (4.245156ms)
✔ 世界书保存关闭所有自有条目自动激活，保留其他条目和 uid (5.844963ms)
✔ 同一世界书多剧本，保存当前项目保留其他项目 (2.095773ms)
✔ 聊天变量按会话隔离，写入保留其他插件变量 (3.933537ms)
✔ 注入禁止世界书扫描，清理仅删除自己的注入 (0.729036ms)
✔ 适配 TavernHelper._bind，接口绑定脚本窗口而非宿主窗口 (0.31908ms)
✔ 旧草稿迁入剧本库，旧当前剧本与工作草稿不丢失 (12.128175ms)
✔ A/B切换保存独立内容、数值进度、分析/整理草稿与原始回复，刷新仍能恢复 (19.557001ms)
✔ 复制内容与规则但使用新剧本身份，进度、奖励与原始回复从零开始 (6.20849ms)
✔ 同一世界书的多个剧本独立入库、读取及编辑，不改相邻项目和普通条目 (13.980292ms)
✔ 世界书读取失败或并发变更不覆盖当前剧本 (3.810722ms)
✔ 活动辅助任务禁止库切换、新建和移除，不污染原稿；移出需由UI确认且只移除本地库 (2.986573ms)
✔ 项目切换自动关闭注入，聊天进度分别保存，陌生库ID拒绝 (8.503632ms)
✔ 规划在正式分析之前；短篇保留完整原文与实际请求，数值规则本地转化并持久化 (33.610824ms)
✔ 数值效果未知变量/虚构依据/缺完成标准/无依据重复与次数上限均拒绝 (2.440261ms)
✔ 单次行为上限与载体总上限独立，门槛停止生效，回退后次数可以恢复 (1.435439ms)
✔ 长文分段规划跨窗口覆盖每个字符，逐段分析后整合，请求均遵守输入预算 (25.569756ms)
✔ 无效/遗漏/重复规划边界回退本地，不丢原文；规划结果不能恢复为剧本 (4.894843ms)
✔ 某段截断自动缩小重试，保留之前成功段，完整后才交给整合 (2.053038ms)
✔ 截断连续失败最多缩小三次，不生成半截草稿；取消规划不开始后续段 (2.570227ms)
✔ 分段数值事件与节点效果经整合/恢复保留，模型不能覆盖原奖励 (4.449023ms)
✔ 默认预算提升，旧精确默认迁移、自定义配置保留 (2.739931ms)
✔ 快速整理同样提取有依据数值规则，分段规划不会参与基础整理 (1.277953ms)
✔ 长文原始记录复用全文与证据；累计恢复上下文达到预算时显式标记 (72.106054ms)
✔ 超过旧20万字符仍可自动分析，超过100万拒绝且不发送请求 (62.53778ms)
✔ 最终整合截断时分组重试，已有分段不重跑，局部整合恢复明确标记 (4.373749ms)
✔ 数值触发与 b2+c1 → a4 → d1：解锁不授予结果，结算一次，包内阶段不可跳过 (9.651629ms)
✔ 启动阈值只控制首次解锁，持续条件可暂停；手动返回主线后不立即被抢回 (1.181477ms)
✔ 切换事件包独立恢复游标和摘要；主模型只注入主包与最多一条支线 (1.237202ms)
✔ 依赖诊断拒绝未定义结果、缺少来源、闭合循环、AND互斥；存在OR入口的循环可用 (3.477151ms)
✔ 连带回退撤销实际依赖链，保留独立结果与数值结算；备份保留来源 (3.183218ms)
✔ OR回退记录本次实际使用的前提，不因事后有另一前提而保留旧后续 (1.970655ms)
✔ 关系图显示条件门、箭头、解锁与完成状态；包筛选保留跨包前提，文本转义 (2.51971ms)
✔ 真实发送流程跨包快捷选择与自由输入：只填草稿，发出后记录和切换 (18.473961ms)
✔ 跨包核验仍绑定本轮注入游标，不用旧回复结算刚解锁的新包，来源编辑清空全部摘要 (12.548617ms)
✔ 外部聊天数值触发、类型校验、持久化包进度和世界书定义 (12.421206ms)
✔ 优先级不打断当前包，显式高优先级打断后能恢复原阶段；撤销返回主线恢复选择策略 (1.261678ms)
✔ 同次奖励的互斥结果也被拒绝，操作保持原子性；事件包备份类型错误拒绝载入 (0.535595ms)
✔ 损坏事件包备份被拒绝时保持现有项目、状态和注入，聊天切换载入失败会清掉旧注入 (4.762234ms)
✔ 可游玩性独立提示词/请求/模型与调用预估，四步完成且事实事件不绑阶段奖励 (12.860547ms)
✔ 可游玩性发现强制事故/边界错误后仅本分段重提取并重新双重复核 (2.557528ms)
✔ 持续可游玩性错误最多两次修补，不把失败草稿当可执行完成 (2.537628ms)
✔ 旧草稿需本版可游玩性+转化复核，错误阻止替换且不改变原条件 (12.818433ms)
✔ 本地检查缺自然按钮/技术性名称/无出口，只报告不猜补或放宽条件 (0.456978ms)
✔ 旧默认分析/复核/短报告精确迁移，自定义字段不改 (1.134717ms)
✔ 行为上限与载体总上限独立：69加4只到70，其他行为仍可到100；减少可设独立下限 (8.074767ms)
✔ 重复行为按回复编号去重：重试、改写指纹、手动和自动共用回执；新回复可再结算，撤销可重做 (0.925182ms)
✔ 多事件同批结算重新核对数值条件，不越过行为上限，也不重复奖励 (15.228089ms)
✔ 生成结束后即核验独立行为，流式接收不奖励；关闭自动核验后不调用 (27.484717ms)
✔ 同轮阶段完成不会让新解锁的事件读取旧正文，原阶段行为仍按原范围结算 (16.217937ms)
✔ 已获得视图读取正式记录，只列实际结果、公开说明、取得来源；回退同步撤下 (1.175148ms)
✔ 新短编号不与已有ID碰撞、不复用已预留ID；旧ID不变，图只使用展示别名 (1.738105ms)
✔ 结果删除预览覆盖节点、出口、行为、事件包和结果前提；禁止或明确移除不会留下悬空引用 (1.62891ms)
✔ 删除事件清理无引用且未取得的输出结果，保留数值；已有来源或被引用的结果保留 (12.631102ms)
✔ 已有结算的结果和事件不能直接删；先回退后可删，解除旧依赖错误后提示同步清除 (14.520264ms)
✔ 分析已发请求与模型实际收到的messages一致，失败前也保留，不含鉴权密钥；自定义提示词持久化 (16.374613ms)
✔ 仅玩家意图证据不能自动领取行为奖励；原文之外的可选结果说明不进入玩家背包 (1.968521ms)
✔ 请求失败也保留实际发送提示词；配置无效而未发送时不伪造已发记录 (12.753225ms)
✔ 有限奖励记录实际数值来源，选择性回退其来源时也撤销受该限值影响的奖励 (1.050129ms)
✔ 完成字段只规范文本数组/换行文本，不猜测对象语义，错误包含节点与字段 (12.540115ms)
✔ 验证失败前保存完整回复，刷新可修复，恢复零额外请求、原项目不替换、导出无密钥 (13.857136ms)
✔ length截断在格式校验前保留且禁止作为完整草稿恢复，提示分析输出预算，无重试 (4.896015ms)
✔ 整合失败保留分块骨架，修改整合报告后恢复全篇；单块恢复明确标记部分草稿 (15.539882ms)
✔ 本轮支线独立结算且不会使下一主包消费同一回复；配置变化拒绝晚到完成 (25.669637ms)
✔ 后文分块继承前文数值定义，整合保留事件包条件及原文证据，不会合并成无条件 (3.916091ms)
✔ 大分析回复超过快速请求45秒仍能接收，整理和整合使用独立超时 (12.321456ms)
✔ 真实截止触发超时分类，明确等待阶段且不自动重试 (0.711981ms)
✔ 读取正文时超时不冒充JSON错误；主动取消有独立原因且隐藏密钥 (1.062258ms)
✔ 取消后晚到的模型列表不能当作正常响应返回 (0.375364ms)
✔ 导入后台原始或完整响应只生成校验后的草稿，不重复调用API (1.344603ms)
✔ 后台恢复草稿不会替换当前项目，刷新后可继续检查和应用 (6.737355ms)
✔ 来源索引覆盖全文且位置精确，保留换行、标记及代理对 (2.057235ms)
✔ 编号选取单段或连续多段，由程序还原原文而非信任转述 (6.970285ms)
✔ 未知/逆序/缺字段/非对象来源拒绝并指出节点；不能用旧detail绕过坏编号 (0.816799ms)
✔ 同一来源片段内用短首尾定位精确选取，不能省略中间句或伪造定位 (0.715506ms)
✔ 补写不能冒充原文，也不能依靠来源编号取得自动规则 (0.596016ms)
✔ 旧回复只改变空白时本地恢复唯一连续原文，不请求API (0.548465ms)
✔ 旧回复改字/删句/换标点/倒序/分散摘录拒绝；空白归一存在歧义也拒绝 (0.918812ms)
✔ 主分析和快速整理发送相同来源索引，模型不抄正文也生成可编辑草稿 (4.023843ms)
✔ 分块来源编号只用于本块，整合与恢复保留本地原文和跨块索引 (6.704045ms)
✔ 来源编号不代替数值/完成规则的精确证据，虚构依据仍拒绝 (1.79445ms)
✔ v1.4.2默认自动升级到来源编号格式，作者自定义提示词保持原样 (5.935148ms)
✔ 旧回复只丢失Markdown标题/粗体时恢复真实原文，仍拒绝改字、漏句和符号变化 (0.556958ms)
✔ 节点正文失败自动补修来源，模型额外输出的条件与奖励不能覆盖原稿 (1.350271ms)
✔ 来源补修失败最多两次，停止生成草稿且保留原节点诊断 (1.529801ms)
✔ 来源补修只能修原文；规则证据失败仅补修证据，取消补修不接受晚到结果 (1.876863ms)
✔ 手动补修保留失败回复及规则，最多两次，已能本地恢复时零API (8.652156ms)
✔ 手动补修拒绝截断回复和错误原文，不调用API；成功本地恢复清掉历史错误 (3.234607ms)
✔ 变量证据只差排版本地恢复，数值字符串恢复JSON数字，条件和奖励不变 (9.448234ms)
✔ 改写、改数值、漏句、来源编号和排版匹配歧义不能作为变量证据 (1.546717ms)
✔ 类型错误单独说明，不再被冒充为缺少初始值依据 (1.131532ms)
✔ 辅助模型integer写法仅在初始值和边界为安全整数时本地兼容，不改数值或额外调用API (2.748585ms)
✔ 可选背包说明改写只留空警告；原文定义、取得前提、完成及数值效果仍校验 (1.229109ms)
✔ 可选说明仅排版差异恢复为原文，既有分块结果说明与取得条件不被覆盖 (0.951111ms)
✔ 缺少变量依据时自动定向补修，忽略模型的默认值、边界和奖励修改 (1.820028ms)
✔ 原文有初始值但模型漏填时可定向补齐，不漏掉原有数值规则 (0.906223ms)
✔ 多个变量缺依据集中一次补修，完整性要求覆盖全部指定ID (2.403666ms)
✔ 补修无初始值则待配置，保留原始回复不生成可执行草稿，不重试或猜0 (9.422756ms)
✔ 变量补修至多两次；未知、重复ID及半截格式不修改原稿 (2.671879ms)
✔ 节点来源和变量补修共用两次预算，不能在失败之间无限循环 (1.271904ms)
✔ 手动补修失败记录，已有依据本地恢复零API；取消不接受晚到补修 (1.691945ms)
✔ 分块变量证据可来自全篇，补修记录保持本块来源；既有变量不重复猜初值 (3.715564ms)
✔ v1.4.4默认提示词升级，自定义保留，变量在本地结算而非让API计算 (2.625349ms)
✔ 快捷选择保留原稿，发送前不切换节点、不领奖，发送后记录并注入同轮剧情 (19.092873ms)
✔ 改写快捷草稿以最终输入为准；生成钩子等待辅助选择，重复钩子不重复请求 (9.69192ms)
✔ 普通聊天和歧义保持当前阶段，不可选目标仍被本地条件拒绝 (6.033426ms)
✔ 选择识别的晚到结果不能污染新聊天或已修改输入 (6.22841ms)
✔ 跨轮摘要辅助实际完成，一次写入ID、清掉工作摘要、开放对应出口 (9.995166ms)
✔ 阶段核验返回前来源改变，不能应用旧完成结果 (4.737537ms)
✔ 分析保留有原文依据的运行规则，a与a1独立，未知结果不能进入草稿 (4.778839ms)
✔ 辅助选择禁止未知目标、超预算；没有有效原文证据的完成降为不确定 (1.013945ms)
✔ 仅迁移旧默认分析提示词，保留用户自定义提示词 (1.185283ms)
✔ 长文分块沿用已确认结果定义，合并不能擦掉已有解锁条件 (3.812485ms)
✔ 自动核验等待生成结束，流式接收不结算，切换已核验回复暂停 (20.780992ms)
✔ 只引用玩家意图或仍缺条件的完成结果不会结算 (0.631911ms)
✔ 关闭节点自动结算保留完成判定，手动确认仍按本地预设一次写入 (5.80946ms)
ℹ tests 212
ℹ suites 0
ℹ pass 212
ℹ fail 0
ℹ cancelled 0
ℹ skipped 0
ℹ todo 0
ℹ duration_ms 962.409635
npm notice
npm notice New major version of npm available! 11.9.0 -> 12.2.0
npm notice Changelog: https://github.com/npm/cli/releases/tag/v12.2.0
npm notice To update run: npm install -g npm@12.2.0
npm notice
