
> tavern-branch-story-engine@1.3.0 test
> node --test tests/*.test.js

✔ 连接地址兼容基础地址与完整 completions 地址 (1.865578ms)
✔ 模型列表使用同一地址及密钥，保留完整 ID 而非显示别名，不调用生成接口 (9.661345ms)
✔ 404 显示服务错误与实际接口，隐藏密钥和 URL 查询参数，不盲目重试 (1.584525ms)
✔ 模型列表可取消，非 JSON 响应明确报告协议问题 (0.759503ms)
✔ 自然语言事件证据需原文引用与正确主体，遗漏候选保留不确定 (1.74032ms)
✔ 提出/拒绝保留状态，未知事件 ID、非 JSON 和截断输出被拒绝 (4.060999ms)
✔ 输入超限明确拒绝且未请求 API，不截断后当作全面分析 (0.270257ms)
✔ 取消传到 fetch AbortSignal，失败不泄漏返回正文中的凭据 (0.748808ms)
✔ 可选 JSON 模式及非思考参数，只发送局部对话和候选 (0.466211ms)
✔ 模型分段保留原文，节点 ID 由脚本生成，清除模型奖励和代码 (6.490872ms)
✔ 事件与基础拆分使用用户编辑的系统提示词 (0.699934ms)
✔ 分析保留原文、重映射走向结局伏笔引用，不把未来答案注入主模型 (1.67401ms)
✔ 忠于原文拒绝虚构摘录和新增节点，补充分支必须显式标为建议 (1.365817ms)
✔ 长文本自动分块后整合，全部请求遵守字符预算且保留跨段伏笔 (13.077869ms)
✔ 分析取消后不启动后续分块 (0.469768ms)
✔ 跨段整合遗漏原节点时拒绝应用 (3.24812ms)
✔ A/B 条件覆盖四种组合，未解锁的出口不可直接进入 (4.784177ms)
✔ 完成节点只奖励一次，返回继续搜集，两条证据解锁 C (11.37113ms)
✔ 事件按来源去重、边界钳制、回退恢复收集变量及结算来源 (1.620229ms)
✔ 一次性事件、节点范围和前置条件筛选 (0.993396ms)
✔ 注入仅含当前指引及选择的变量，与素材库大小无关 (2.456418ms)
✔ 拒绝危险 JSON、失效引用、重复 ID 和变量类型冲突 (2.766725ms)
✔ 修改剧本保留 ID 进度，清除旧判断；删除已访问节点被拒绝 (0.967897ms)
✔ 操作历史限制为 25 条，不保存每步全文快照 (21.674742ms)
✔ 生成回复不直接加分；显式确认后人工接受，只结算一次 (22.479342ms)
✔ 自动结算多个事件后检查记录正常完成，没有残留 checking 或重复奖励 (5.207781ms)
✔ 发出下一条用户消息才自动确认上一条，关闭自动检查不发请求 (2.767837ms)
✔ 源回复被替换后晚到的 API 结果不结算 (2.317179ms)
✔ 切换聊天或手动改进度后晚到的返回不污染当前会话 (4.601217ms)
✔ 已经结算的消息编辑触发暂停，回退恢复奖励及结算标记 (8.279456ms)
✔ 预算按批限制，剩余候选明确待查，继续后不重复检查 (3.890107ms)
✔ 批次失败保留已检查结果，重试只补剩余批次 (2.742269ms)
✔ 人工结算旧证据前再次核对来源；手动每轮事件按同条回复去重 (8.275188ms)
✔ 密钥不默认落盘、不进入导出，明确记住后才保存 (1.364154ms)
✔ 模型整理只生成可编辑草稿，刷新可恢复，显式应用后才换剧本 (4.444231ms)
✔ 异步世界书编辑期间切换聊天，不把旧会话进度写进新聊天 (1.48779ms)
✔ 快捷分支只列出当前可用及已解锁选项，暂停时隐藏 (3.787813ms)
✔ 分析草稿不自动替换剧本，刷新恢复；过期分析结果不污染当前聊天 (2.322898ms)
✔ 世界书保存关闭所有自有条目自动激活，保留其他条目和 uid (6.803121ms)
✔ 同一世界书多剧本，保存当前项目保留其他项目 (2.267064ms)
✔ 聊天变量按会话隔离，写入保留其他插件变量 (4.424822ms)
✔ 注入禁止世界书扫描，清理仅删除自己的注入 (0.7107ms)
✔ 适配 TavernHelper._bind，接口绑定脚本窗口而非宿主窗口 (0.411139ms)
✔ 数值触发与 b2+c1 → a4 → d1：解锁不授予结果，结算一次，包内阶段不可跳过 (13.786546ms)
✔ 启动阈值只控制首次解锁，持续条件可暂停；手动返回主线后不立即被抢回 (2.750701ms)
✔ 切换事件包独立恢复游标和摘要；主模型只注入主包与最多一条支线 (1.99945ms)
✔ 依赖诊断拒绝未定义结果、缺少来源、闭合循环、AND互斥；存在OR入口的循环可用 (3.673271ms)
✔ 连带回退撤销实际依赖链，保留独立结果与数值结算；备份保留来源 (2.699905ms)
✔ OR回退记录本次实际使用的前提，不因事后有另一前提而保留旧后续 (2.119251ms)
✔ 关系图显示条件门、箭头、解锁与完成状态；包筛选保留跨包前提，文本转义 (2.548436ms)
✔ 真实发送流程跨包快捷选择与自由输入：只填草稿，发出后记录和切换 (14.988876ms)
✔ 跨包核验仍绑定本轮注入游标，不用旧回复结算刚解锁的新包，来源编辑清空全部摘要 (10.843234ms)
✔ 外部聊天数值触发、类型校验、持久化包进度和世界书定义 (10.316271ms)
✔ 优先级不打断当前包，显式高优先级打断后能恢复原阶段；撤销返回主线恢复选择策略 (0.963741ms)
✔ 同次奖励的互斥结果也被拒绝，操作保持原子性；事件包备份类型错误拒绝载入 (0.615526ms)
✔ 损坏事件包备份被拒绝时保持现有项目、状态和注入，聊天切换载入失败会清掉旧注入 (2.695609ms)
✔ 完成字段只规范文本数组/换行文本，不猜测对象语义，错误包含节点与字段 (9.779052ms)
✔ 验证失败前保存完整回复，刷新可修复，恢复零额外请求、原项目不替换、导出无密钥 (8.339104ms)
✔ length截断在格式校验前保留且禁止作为完整草稿恢复，提示分析输出预算，无重试 (2.1125ms)
✔ 整合失败保留分块骨架，修改整合报告后恢复全篇；单块恢复明确标记部分草稿 (8.104321ms)
✔ 本轮支线独立结算且不会使下一主包消费同一回复；配置变化拒绝晚到完成 (23.762005ms)
✔ 后文分块继承前文数值定义，整合保留事件包条件及原文证据，不会合并成无条件 (3.492228ms)
✔ 大分析回复超过快速请求45秒仍能接收，整理和整合使用独立超时 (12.280829ms)
✔ 真实截止触发超时分类，明确等待阶段且不自动重试 (1.075709ms)
✔ 读取正文时超时不冒充JSON错误；主动取消有独立原因且隐藏密钥 (1.34836ms)
✔ 取消后晚到的模型列表不能当作正常响应返回 (0.609027ms)
✔ 导入后台原始或完整响应只生成校验后的草稿，不重复调用API (1.423834ms)
✔ 后台恢复草稿不会替换当前项目，刷新后可继续检查和应用 (4.475337ms)
✔ 快捷选择保留原稿，发送前不切换节点、不领奖，发送后记录并注入同轮剧情 (19.712518ms)
✔ 改写快捷草稿以最终输入为准；生成钩子等待辅助选择，重复钩子不重复请求 (8.082948ms)
✔ 普通聊天和歧义保持当前阶段，不可选目标仍被本地条件拒绝 (4.090658ms)
✔ 选择识别的晚到结果不能污染新聊天或已修改输入 (2.694177ms)
✔ 跨轮摘要辅助实际完成，一次写入ID、清掉工作摘要、开放对应出口 (7.360271ms)
✔ 阶段核验返回前来源改变，不能应用旧完成结果 (2.9167ms)
✔ 分析保留有原文依据的运行规则，a与a1独立，未知结果不能进入草稿 (3.024854ms)
✔ 辅助选择禁止未知目标、超预算；没有有效原文证据的完成降为不确定 (1.126817ms)
✔ 仅迁移旧默认分析提示词，保留用户自定义提示词 (0.432121ms)
✔ 长文分块沿用已确认结果定义，合并不能擦掉已有解锁条件 (2.773206ms)
✔ 自动核验等待生成结束，流式接收不结算，切换已核验回复暂停 (18.946514ms)
✔ 只引用玩家意图或仍缺条件的完成结果不会结算 (0.74431ms)
✔ 关闭节点自动结算保留完成判定，手动确认仍按本地预设一次写入 (3.885178ms)
ℹ tests 81
ℹ suites 0
ℹ pass 81
ℹ fail 0
ℹ cancelled 0
ℹ skipped 0
ℹ todo 0
ℹ duration_ms 385.491633
