
> tavern-branch-story-engine@1.1.3 test
> node --test tests/*.test.js

✔ 连接地址兼容基础地址与完整 completions 地址 (7.259029ms)
✔ 模型列表使用同一地址及密钥，保留完整 ID 而非显示别名，不调用生成接口 (25.564244ms)
✔ 404 显示服务错误与实际接口，隐藏密钥和 URL 查询参数，不盲目重试 (1.933749ms)
✔ 模型列表可取消，非 JSON 响应明确报告协议问题 (1.347585ms)
✔ 自然语言事件证据需原文引用与正确主体，遗漏候选保留不确定 (2.076185ms)
✔ 提出/拒绝保留状态，未知事件 ID、非 JSON 和截断输出被拒绝 (5.240351ms)
✔ 输入超限明确拒绝且未请求 API，不截断后当作全面分析 (0.308135ms)
✔ 取消传到 fetch AbortSignal，失败不泄漏返回正文中的凭据 (0.810242ms)
✔ 可选 JSON 模式及非思考参数，只发送局部对话和候选 (0.959892ms)
✔ 模型分段保留原文，节点 ID 由脚本生成，清除模型奖励和代码 (7.208925ms)
✔ 事件与基础拆分使用用户编辑的系统提示词 (0.83554ms)
✔ 分析保留原文、重映射走向结局伏笔引用，不把未来答案注入主模型 (2.227898ms)
✔ 忠于原文拒绝虚构摘录和新增节点，补充分支必须显式标为建议 (2.993147ms)
✔ 长文本自动分块后整合，全部请求遵守字符预算且保留跨段伏笔 (20.597775ms)
✔ 分析取消后不启动后续分块 (0.761521ms)
✔ 跨段整合遗漏原节点时拒绝应用 (3.694356ms)
✔ A/B 条件覆盖四种组合，未解锁的出口不可直接进入 (8.66353ms)
✔ 完成节点只奖励一次，返回继续搜集，两条证据解锁 C (9.928051ms)
✔ 事件按来源去重、边界钳制、回退恢复收集变量及结算来源 (0.890512ms)
✔ 一次性事件、节点范围和前置条件筛选 (0.684037ms)
✔ 注入仅含当前指引及选择的变量，与素材库大小无关 (3.466921ms)
✔ 拒绝危险 JSON、失效引用、重复 ID 和变量类型冲突 (2.298109ms)
✔ 修改剧本保留 ID 进度，清除旧判断；删除已访问节点被拒绝 (1.030283ms)
✔ 操作历史限制为 25 条，不保存每步全文快照 (15.484582ms)
✔ 生成回复不直接加分；显式确认后人工接受，只结算一次 (29.352264ms)
✔ 自动结算多个事件后检查记录正常完成，没有残留 checking 或重复奖励 (6.207086ms)
✔ 发出下一条用户消息才自动确认上一条，关闭自动检查不发请求 (3.44017ms)
✔ 源回复被替换后晚到的 API 结果不结算 (3.114113ms)
✔ 切换聊天或手动改进度后晚到的返回不污染当前会话 (6.3277ms)
✔ 已经结算的消息编辑触发暂停，回退恢复奖励及结算标记 (7.563938ms)
✔ 预算按批限制，剩余候选明确待查，继续后不重复检查 (7.207711ms)
✔ 批次失败保留已检查结果，重试只补剩余批次 (6.227073ms)
✔ 人工结算旧证据前再次核对来源；手动每轮事件按同条回复去重 (5.30431ms)
✔ 密钥不默认落盘、不进入导出，明确记住后才保存 (8.805214ms)
✔ 模型整理只生成可编辑草稿，刷新可恢复，显式应用后才换剧本 (2.563535ms)
✔ 异步世界书编辑期间切换聊天，不把旧会话进度写进新聊天 (1.147061ms)
✔ 快捷分支只列出当前可用及已解锁选项，暂停时隐藏 (1.843951ms)
✔ 分析草稿不自动替换剧本，刷新恢复；过期分析结果不污染当前聊天 (1.770845ms)
✔ 世界书保存关闭所有自有条目自动激活，保留其他条目和 uid (6.54675ms)
✔ 同一世界书多剧本，保存当前项目保留其他项目 (3.550917ms)
✔ 聊天变量按会话隔离，写入保留其他插件变量 (4.158542ms)
✔ 注入禁止世界书扫描，清理仅删除自己的注入 (0.828136ms)
✔ 适配 TavernHelper._bind，接口绑定脚本窗口而非宿主窗口 (0.48732ms)
ℹ tests 43
ℹ suites 0
ℹ pass 43
ℹ fail 0
ℹ cancelled 0
ℹ skipped 0
ℹ todo 0
ℹ duration_ms 300.601629
npm notice
npm notice New major version of npm available! 11.9.0 -> 12.2.0
npm notice Changelog: https://github.com/npm/cli/releases/tag/v12.2.0
npm notice To update run: npm install -g npm@12.2.0
npm notice
