
> tavern-branch-story-engine@1.5.0 test
> node --test tests/*.test.js

✔ 连接地址兼容基础地址与完整 completions 地址 (1.714517ms)
✔ 模型列表使用同一地址及密钥，保留完整 ID 而非显示别名，不调用生成接口 (8.953216ms)
✔ 404 显示服务错误与实际接口，隐藏密钥和 URL 查询参数，不盲目重试 (1.35729ms)
✔ 模型列表可取消，非 JSON 响应明确报告协议问题 (0.670247ms)
✔ 自然语言事件证据需原文引用与正确主体，遗漏候选保留不确定 (4.128425ms)
✔ 提出/拒绝保留状态，未知事件 ID、非 JSON 和截断输出被拒绝 (1.070549ms)
✔ 输入超限明确拒绝且未请求 API，不截断后当作全面分析 (0.598119ms)
✔ 取消传到 fetch AbortSignal，失败不泄漏返回正文中的凭据 (0.761435ms)
✔ 可选 JSON 模式及非思考参数，只发送局部对话和候选 (0.528364ms)
✔ 模型分段保留原文，节点 ID 由脚本生成，清除模型奖励和代码 (5.814399ms)
✔ 事件与基础拆分使用用户编辑的系统提示词 (0.697098ms)
✔ 分析保留原文、重映射走向结局伏笔引用，不把未来答案注入主模型 (2.56166ms)
✔ 忠于原文拒绝虚构摘录和新增节点，补充分支必须显式标为建议 (2.057923ms)
✔ 长文本自动分块后整合，全部请求遵守字符预算且保留跨段伏笔 (16.596305ms)
✔ 分析取消后不启动后续分块 (0.540363ms)
✔ 跨段整合遗漏原节点时拒绝应用 (6.04822ms)
✔ 普通事件零额外API、本地奖励与去重，状态栏读取结算后快照 (29.011745ms)
✔ 自然结束按钮只填行动，关键阶段主模型成功也不直接取得房卡或打开B (9.043593ms)
✔ 自主输入不调用分支识别API，阶段集中复核成功后才开放后续 (9.692087ms)
✔ 复核否决不倒带或修改正文，保持当前阶段并允许继续行动 (6.662383ms)
✔ 集中核验失败最多三次重试，完整性错误不会误放行 (7.133842ms)
✔ 待定赠礼下一轮完成沿用同一次尝试，不发重复奖励 (7.146972ms)
✔ 主体不符、未知ID、引用回报自身及截断标记都不能结算 (17.664139ms)
✔ 数值被用于任何解锁门槛时自动转为关键，普通设置不能绕过 (5.673498ms)
✔ 同一阶段普通互动按三回合节奏集中核验待定事件 (9.051895ms)
✔ 核验进行时普通互动不等待，配置或聊天切换丢弃晚到结果 (9.335741ms)
✔ 角色卡按avatar稳定隔离，同名卡、旧请求和新聊天进度不会混合 (5.397892ms)
✔ 真实API集中核验必须返回全部候选及请求标识，回报正文不作为证据 (2.059506ms)
✔ 隐藏回报注释必须完整关闭，未知在场角色不得跨候选注入 (5.958956ms)
✔ 影响另一个事件前置数值的奖励也先核验，不能以普通级别绕过 (0.307342ms)
✔ 关闭自动结算的已核验关键结果保留，作者确认一次后开启依赖 (9.729813ms)
✔ 分析得到嵌套OR/AND/NOT与永久失去路径，转化后的真实入口和领奖仍按完整条件执行 (15.611894ms)
✔ 数值门槛与特殊许可为OR，分析保存原文数值边界而非编造默认值 (2.718085ms)
✔ 有原文依据的互斥保留为运行规则；未知、自身互斥和虚构证据拒绝 (2.853238ms)
✔ 分散证据逐条检查，空组合和部分虚构不能形成条件 (1.258612ms)
✔ 分析与基础整理共用条件校验，入口、前提、代价和数字边界不会只落入报告 (2.589472ms)
✔ 事件包触发与持续条件独立保存；持续条件没有依据不能默认为true (1.698243ms)
✔ 仅迁移v1.4.0默认提示词；自定义分析和合并提示词完整保留 (3.541804ms)
✔ 长文携带已提取的完整规则及待核对事项，整合遗漏出口或返回true不能擦掉既有条件 (14.042015ms)
✔ 整合可补充有依据的跨段条件，但未知结果定义和无依据条件不能放行 (25.458017ms)
✔ 整合补充已有无条件出口的规则，保留条件明确出口及原有结果互斥 (5.492125ms)
✔ 跨块completed/visited前提按实际节点重映射，分块恢复与全文恢复均保留关系 (4.924792ms)
✔ 跨块重定义变量边界或事件包持续条件产生冲突时拒绝，不悄悄覆盖 (2.5415ms)
✔ 转化保留原文、分支、条件、证据及旧事件，仅为明确阶段登记完成事件，可重复转化且不改原草稿 (9.419408ms)
✔ 阶段事件随节点标准同步；拒绝多次结算、额外奖励、错误引用和重复绑定 (3.419569ms)
✔ 节点与完成事件共用一笔结算，重复确认不加奖励；普通撤销同时恢复两边 (1.434356ms)
✔ 未进入、前提未满足和事件包锁定时不能核验或结算；结果满足后才开放完成规则 (2.297173ms)
✔ 依赖回退同时撤销节点和完成事件，保留独立包；关系图保留包内阶段完成箭头 (4.724971ms)
✔ 分析后刷新仍可转化编辑草稿，无额外API；旧进度保留，新剧本关闭注入，完成规则持久化 (22.92071ms)
✔ 恢复已有分析结果也可本地转化，坏草稿和忙碌状态保持当前剧本、进度与分析草稿 (6.397074ms)
✔ 辅助API阶段完成与事件人工确认使用同一回执，重复核验不会再次结算 (11.239402ms)
✔ 人工确认支线阶段事件按绑定包结算，主包游标和奖励不受影响 (6.623886ms)
✔ A/B 条件覆盖四种组合，未解锁的出口不可直接进入 (5.369511ms)
✔ 完成节点只奖励一次，返回继续搜集，两条证据解锁 C (6.984367ms)
✔ 事件按来源去重、边界钳制、回退恢复收集变量及结算来源 (1.365272ms)
✔ 一次性事件、节点范围和前置条件筛选 (0.806542ms)
✔ 注入仅含当前指引及选择的变量，与素材库大小无关 (1.369178ms)
✔ 拒绝危险 JSON、失效引用、重复 ID 和变量类型冲突 (1.760886ms)
✔ 修改剧本保留 ID 进度，清除旧判断；删除已访问节点被拒绝 (0.706752ms)
✔ 操作历史限制为 25 条，不保存每步全文快照 (18.770452ms)
✔ 生成回复不直接加分；显式确认后人工接受，只结算一次 (20.985481ms)
✔ 自动结算多个事件后检查记录正常完成，没有残留 checking 或重复奖励 (5.862081ms)
✔ 发出下一条用户消息才自动确认上一条，关闭自动检查不发请求 (4.615727ms)
✔ 源回复被替换后晚到的 API 结果不结算 (2.838106ms)
✔ 切换聊天或手动改进度后晚到的返回不污染当前会话 (5.857334ms)
✔ 已经结算的消息编辑触发暂停，回退恢复奖励及结算标记 (8.086574ms)
✔ 预算按批限制，剩余候选明确待查，继续后不重复检查 (5.215248ms)
✔ 批次失败保留已检查结果，重试只补剩余批次 (5.498174ms)
✔ 人工结算旧证据前再次核对来源；手动每轮事件按同条回复去重 (4.424199ms)
✔ 密钥不默认落盘、不进入导出，明确记住后才保存 (3.164416ms)
✔ 模型整理只生成可编辑草稿，刷新可恢复，显式应用后才换剧本 (6.535513ms)
✔ 异步世界书编辑期间切换聊天，不把旧会话进度写进新聊天 (3.381202ms)
✔ 快捷分支只列出当前可用及已解锁选项，暂停时隐藏 (4.278882ms)
✔ 分析草稿不自动替换剧本，刷新恢复；过期分析结果不污染当前聊天 (5.356921ms)
✔ 三处省略号拼接逐条精确恢复，完成与解锁依据均保留、零API (12.134788ms)
✔ 原文自身含省略号保持连续引用，不误拆；改字/半空/超8引用不能放行 (1.002677ms)
✔ 一次列出所有证据错误，带节点/字段及拼接诊断 (0.31947ms)
✔ 定向补修只接受指定证据路径，模型额外修改条件/奖励无效且能恢复补修回复 (4.267123ms)
✔ 补修未知路径、重复路径、无依据或complete:false不会放行，最多两次 (1.310189ms)
✔ 作者流程使用不同提示词和独立模型，分析后复核实际转化的阶段事件 (2.547999ms)
✔ 分段复核发现错误，只重提取当前分段并再次独立复核，有上限且额外请求计数 (2.303041ms)
✔ 转化复核有错误或被截断，草稿保留但不替换当前剧本 (21.407715ms)
✔ 复核回复不完整不当作通过；保留失败分析草稿，取消复核不应用晚到结果 (6.707752ms)
✔ 长篇转化复核按预算分组，所有节点和规则覆盖，单项不截断 (3.782785ms)
✔ 世界书保存关闭所有自有条目自动激活，保留其他条目和 uid (7.939213ms)
✔ 同一世界书多剧本，保存当前项目保留其他项目 (2.325675ms)
✔ 聊天变量按会话隔离，写入保留其他插件变量 (4.374735ms)
✔ 注入禁止世界书扫描，清理仅删除自己的注入 (0.879762ms)
✔ 适配 TavernHelper._bind，接口绑定脚本窗口而非宿主窗口 (0.404308ms)
✔ 旧草稿迁入剧本库，旧当前剧本与工作草稿不丢失 (9.327569ms)
✔ A/B切换保存独立内容、数值进度、分析/整理草稿与原始回复，刷新仍能恢复 (14.034193ms)
✔ 复制内容与规则但使用新剧本身份，进度、奖励与原始回复从零开始 (6.284435ms)
✔ 同一世界书的多个剧本独立入库、读取及编辑，不改相邻项目和普通条目 (13.865069ms)
✔ 世界书读取失败或并发变更不覆盖当前剧本 (3.836267ms)
✔ 活动辅助任务禁止库切换、新建和移除，不污染原稿；移出需由UI确认且只移除本地库 (3.056213ms)
✔ 项目切换自动关闭注入，聊天进度分别保存，陌生库ID拒绝 (7.618882ms)
✔ 规划在正式分析之前；短篇保留完整原文与实际请求，数值规则本地转化并持久化 (31.984142ms)
✔ 数值效果未知变量/虚构依据/缺完成标准/无依据重复与次数上限均拒绝 (2.752617ms)
✔ 单次行为上限与载体总上限独立，门槛停止生效，回退后次数可以恢复 (2.270212ms)
✔ 长文分段规划跨窗口覆盖每个字符，逐段分析后整合，请求均遵守输入预算 (22.970323ms)
✔ 无效/遗漏/重复规划边界回退本地，不丢原文；规划结果不能恢复为剧本 (3.395543ms)
✔ 某段截断自动缩小重试，保留之前成功段，完整后才交给整合 (4.99002ms)
✔ 截断连续失败最多缩小三次，不生成半截草稿；取消规划不开始后续段 (2.035961ms)
✔ 分段数值事件与节点效果经整合/恢复保留，模型不能覆盖原奖励 (3.347211ms)
✔ 默认预算提升，旧精确默认迁移、自定义配置保留 (1.611392ms)
✔ 快速整理同样提取有依据数值规则，分段规划不会参与基础整理 (1.039583ms)
✔ 长文原始记录复用全文与证据；累计恢复上下文达到预算时显式标记 (70.52642ms)
✔ 超过旧20万字符仍可自动分析，超过100万拒绝且不发送请求 (66.249963ms)
✔ 最终整合截断时分组重试，已有分段不重跑，局部整合恢复明确标记 (3.899311ms)
✔ 数值触发与 b2+c1 → a4 → d1：解锁不授予结果，结算一次，包内阶段不可跳过 (11.516799ms)
✔ 启动阈值只控制首次解锁，持续条件可暂停；手动返回主线后不立即被抢回 (1.99629ms)
✔ 切换事件包独立恢复游标和摘要；主模型只注入主包与最多一条支线 (1.513915ms)
✔ 依赖诊断拒绝未定义结果、缺少来源、闭合循环、AND互斥；存在OR入口的循环可用 (7.54487ms)
✔ 连带回退撤销实际依赖链，保留独立结果与数值结算；备份保留来源 (3.404026ms)
✔ OR回退记录本次实际使用的前提，不因事后有另一前提而保留旧后续 (2.231264ms)
✔ 关系图显示条件门、箭头、解锁与完成状态；包筛选保留跨包前提，文本转义 (3.560621ms)
✔ 真实发送流程跨包快捷选择与自由输入：只填草稿，发出后记录和切换 (18.601408ms)
✔ 跨包核验仍绑定本轮注入游标，不用旧回复结算刚解锁的新包，来源编辑清空全部摘要 (12.258844ms)
✔ 外部聊天数值触发、类型校验、持久化包进度和世界书定义 (13.078677ms)
✔ 优先级不打断当前包，显式高优先级打断后能恢复原阶段；撤销返回主线恢复选择策略 (1.03109ms)
✔ 同次奖励的互斥结果也被拒绝，操作保持原子性；事件包备份类型错误拒绝载入 (0.623427ms)
✔ 损坏事件包备份被拒绝时保持现有项目、状态和注入，聊天切换载入失败会清掉旧注入 (5.070822ms)
✔ 行为上限与载体总上限独立：69加4只到70，其他行为仍可到100；减少可设独立下限 (9.486638ms)
✔ 重复行为按回复编号去重：重试、改写指纹、手动和自动共用回执；新回复可再结算，撤销可重做 (0.910668ms)
✔ 多事件同批结算重新核对数值条件，不越过行为上限，也不重复奖励 (18.967879ms)
✔ 生成结束后即核验独立行为，流式接收不奖励；关闭自动核验后不调用 (25.289159ms)
✔ 同轮阶段完成不会让新解锁的事件读取旧正文，原阶段行为仍按原范围结算 (15.975657ms)
✔ 已获得视图读取正式记录，只列实际结果、公开说明、取得来源；回退同步撤下 (0.882626ms)
✔ 新短编号不与已有ID碰撞、不复用已预留ID；旧ID不变，图只使用展示别名 (1.453996ms)
✔ 结果删除预览覆盖节点、出口、行为、事件包和结果前提；禁止或明确移除不会留下悬空引用 (1.711002ms)
✔ 删除事件清理无引用且未取得的输出结果，保留数值；已有来源或被引用的结果保留 (7.620624ms)
✔ 已有结算的结果和事件不能直接删；先回退后可删，解除旧依赖错误后提示同步清除 (10.241773ms)
✔ 分析已发请求与模型实际收到的messages一致，失败前也保留，不含鉴权密钥；自定义提示词持久化 (24.984762ms)
✔ 仅玩家意图证据不能自动领取行为奖励；原文之外的可选结果说明不进入玩家背包 (2.519466ms)
✔ 请求失败也保留实际发送提示词；配置无效而未发送时不伪造已发记录 (7.486622ms)
✔ 有限奖励记录实际数值来源，选择性回退其来源时也撤销受该限值影响的奖励 (0.768866ms)
✔ 完成字段只规范文本数组/换行文本，不猜测对象语义，错误包含节点与字段 (10.051397ms)
✔ 验证失败前保存完整回复，刷新可修复，恢复零额外请求、原项目不替换、导出无密钥 (14.782518ms)
✔ length截断在格式校验前保留且禁止作为完整草稿恢复，提示分析输出预算，无重试 (5.306435ms)
✔ 整合失败保留分块骨架，修改整合报告后恢复全篇；单块恢复明确标记部分草稿 (11.147685ms)
✔ 本轮支线独立结算且不会使下一主包消费同一回复；配置变化拒绝晚到完成 (18.631142ms)
✔ 后文分块继承前文数值定义，整合保留事件包条件及原文证据，不会合并成无条件 (2.484304ms)
✔ 大分析回复超过快速请求45秒仍能接收，整理和整合使用独立超时 (12.582381ms)
✔ 真实截止触发超时分类，明确等待阶段且不自动重试 (1.086113ms)
✔ 读取正文时超时不冒充JSON错误；主动取消有独立原因且隐藏密钥 (1.265172ms)
✔ 取消后晚到的模型列表不能当作正常响应返回 (0.496587ms)
✔ 导入后台原始或完整响应只生成校验后的草稿，不重复调用API (1.805684ms)
✔ 后台恢复草稿不会替换当前项目，刷新后可继续检查和应用 (7.712122ms)
✔ 来源索引覆盖全文且位置精确，保留换行、标记及代理对 (2.997556ms)
✔ 编号选取单段或连续多段，由程序还原原文而非信任转述 (8.761077ms)
✔ 未知/逆序/缺字段/非对象来源拒绝并指出节点；不能用旧detail绕过坏编号 (1.012071ms)
✔ 同一来源片段内用短首尾定位精确选取，不能省略中间句或伪造定位 (0.926552ms)
✔ 补写不能冒充原文，也不能依靠来源编号取得自动规则 (0.754223ms)
✔ 旧回复只改变空白时本地恢复唯一连续原文，不请求API (0.671369ms)
✔ 旧回复改字/删句/换标点/倒序/分散摘录拒绝；空白归一存在歧义也拒绝 (1.171951ms)
✔ 主分析和快速整理发送相同来源索引，模型不抄正文也生成可编辑草稿 (5.264142ms)
✔ 分块来源编号只用于本块，整合与恢复保留本地原文和跨块索引 (7.773534ms)
✔ 来源编号不代替数值/完成规则的精确证据，虚构依据仍拒绝 (1.901307ms)
✔ v1.4.2默认自动升级到来源编号格式，作者自定义提示词保持原样 (6.634822ms)
✔ 旧回复只丢失Markdown标题/粗体时恢复真实原文，仍拒绝改字、漏句和符号变化 (0.739662ms)
✔ 节点正文失败自动补修来源，模型额外输出的条件与奖励不能覆盖原稿 (1.549188ms)
✔ 来源补修失败最多两次，停止生成草稿且保留原节点诊断 (1.586364ms)
✔ 来源补修只能修原文；规则证据失败仅补修证据，取消补修不接受晚到结果 (1.84295ms)
✔ 手动补修保留失败回复及规则，最多两次，已能本地恢复时零API (10.169555ms)
✔ 手动补修拒绝截断回复和错误原文，不调用API；成功本地恢复清掉历史错误 (4.415677ms)
✔ 变量证据只差排版本地恢复，数值字符串恢复JSON数字，条件和奖励不变 (11.471471ms)
✔ 改写、改数值、漏句、来源编号和排版匹配歧义不能作为变量证据 (2.207087ms)
✔ 类型错误单独说明，不再被冒充为缺少初始值依据 (1.602669ms)
✔ 辅助模型integer写法仅在初始值和边界为安全整数时本地兼容，不改数值或额外调用API (3.880862ms)
✔ 可选背包说明改写只留空警告；原文定义、取得前提、完成及数值效果仍校验 (1.63048ms)
✔ 可选说明仅排版差异恢复为原文，既有分块结果说明与取得条件不被覆盖 (1.266534ms)
✔ 缺少变量依据时自动定向补修，忽略模型的默认值、边界和奖励修改 (2.38182ms)
✔ 原文有初始值但模型漏填时可定向补齐，不漏掉原有数值规则 (1.282157ms)
✔ 多个变量缺依据集中一次补修，完整性要求覆盖全部指定ID (3.645118ms)
✔ 补修无初始值则待配置，保留原始回复不生成可执行草稿，不重试或猜0 (14.140002ms)
✔ 变量补修至多两次；未知、重复ID及半截格式不修改原稿 (2.897445ms)
✔ 节点来源和变量补修共用两次预算，不能在失败之间无限循环 (1.528067ms)
✔ 手动补修失败记录，已有依据本地恢复零API；取消不接受晚到补修 (2.520738ms)
✔ 分块变量证据可来自全篇，补修记录保持本块来源；既有变量不重复猜初值 (4.457089ms)
✔ v1.4.4默认提示词升级，自定义保留，变量在本地结算而非让API计算 (2.546197ms)
✔ 快捷选择保留原稿，发送前不切换节点、不领奖，发送后记录并注入同轮剧情 (17.991592ms)
✔ 改写快捷草稿以最终输入为准；生成钩子等待辅助选择，重复钩子不重复请求 (10.094542ms)
✔ 普通聊天和歧义保持当前阶段，不可选目标仍被本地条件拒绝 (5.388529ms)
✔ 选择识别的晚到结果不能污染新聊天或已修改输入 (5.727609ms)
✔ 跨轮摘要辅助实际完成，一次写入ID、清掉工作摘要、开放对应出口 (9.878978ms)
✔ 阶段核验返回前来源改变，不能应用旧完成结果 (4.346032ms)
✔ 分析保留有原文依据的运行规则，a与a1独立，未知结果不能进入草稿 (5.101257ms)
✔ 辅助选择禁止未知目标、超预算；没有有效原文证据的完成降为不确定 (0.845721ms)
✔ 仅迁移旧默认分析提示词，保留用户自定义提示词 (0.773122ms)
✔ 长文分块沿用已确认结果定义，合并不能擦掉已有解锁条件 (3.761083ms)
✔ 自动核验等待生成结束，流式接收不结算，切换已核验回复暂停 (20.616637ms)
✔ 只引用玩家意图或仍缺条件的完成结果不会结算 (0.683257ms)
✔ 关闭节点自动结算保留完成判定，手动确认仍按本地预设一次写入 (5.298464ms)
ℹ tests 193
ℹ suites 0
ℹ pass 193
ℹ fail 0
ℹ cancelled 0
ℹ skipped 0
ℹ todo 0
ℹ duration_ms 878.034715
npm notice
npm notice New major version of npm available! 11.9.0 -> 12.2.0
npm notice Changelog: https://github.com/npm/cli/releases/tag/v12.2.0
npm notice To update run: npm install -g npm@12.2.0
npm notice
