========================================================
   《仙姝堕》名器成形闸门自测（跑真函数）
========================================================

【① 口交误报拦截】正文来源：内置逐字摘录（记录文件不在本机）
  ✔ 正文里确实没有破身硬词（前置事实）
  ✔ 没有实证要求的锚点照常入账
  ✔ 实证表里的锚点在正文无据时被丢弃（新加的锚点闸门）
  ✔ 「九幽玄阴穴成形」被丢弃
  ✔ 连带不派生「获得任意名器」
  ✔ 日志里明说了丢弃与手工补法
  ✔ 没有顺手写归属表
     （脚本日志 3 行，写盘 1 次）

【② 真破身放行】
  ✔ 成形入账
  ✔ 名器归属 = 赵无忧（破处者是谁就归谁）
  ✔ 破处簿落盘
  ✔ 派生「获得任意名器」

【③ 漏标挽救】
  ✔ 正文实锤 ⇒ 挽救放行（不误杀真破身）
  ✔ 正文无实证 ⇒ 仍然丢弃
  ✔ 硬词离这个名字超过 80 字（破的是别人）⇒ 丢弃

【④ 双姝用且（跨回合）】
  ✔ 只丢一个 ⇒ 灵犀同心不成形
  ✔ 先记的那个人不丢（破处簿留着）
  ✔ 两个都丢 ⇒ 自动补成形
  ✔ 归属 = 赵无忧
  ✔ 同名重复不覆盖（先记的为准）

【⑤ 别名归一】
  ✔ 「孤月元阴被夺」⇒ 归一到「孤月处女丧失」并补成形

【⑥ 归属三身份（真 xsdRelicState）】
  ✔ 自设 ⇒ 归玩家本人
  ✔ 赵无忧 ⇒ 归赵无忧
  ✔ 浊龙殿主 ⇒ 归九皇子
  ✔ 破处簿写着九皇子 ⇒ 赵无忧这边显示「已被占据」
  ✔ 老存档（没有归属表）⇒ 身份兜底，不崩
  ✔ 没成形 ⇒ 未出世
  ✔ 殿主身份（称号＋本名）⇒ 归自己
  ✔ 身份只写称号、归属写全名 ⇒ 仍判自己（别名组）
  ✔ 反问：身份写全名、归属写称号 ⇒ 也判自己
  ✔ 赵无忧看同一件 ⇒ 仍「已被占据」（别名组不误放行）
  ✔ 自设（身份只写「自设」）＋归属表写 persona 名 ⇒ 归自己，不反色
  ✔ 自设 · 刘政宏 ＋归属表同名 ⇒ 归自己
  ✔ 自设 ＋归属表写赵无忧 ⇒ 仍「已被占据」（NPC 白名单）
  ✔ 自设 ＋归属表写殿主本名 ⇒ 仍「已被占据」
  ✔ 赵无忧 ＋归属表写别人的 persona 名 ⇒ 判「已被占据」
  ✔ 焚欲殿主 ＋归属表写本名 ⇒ 归自己
  ✔ 自设 ＋归属表写【陌生玩家名】⇒ 算自己（不再需要枚举玩家）
  ✔ 自设 ＋归属表写【卡片名册里的人】（孤月）⇒ 判他人
  ✔ 自设 ＋归属表写【卡片名册里的人】（叶红缨）⇒ 判他人
  ✔ 自设 · 刘政宏（身份带名）⇒ 自己

【⑦ 纳戒进出、数量与回退】
  ✔ 两坛喝一坛 ⇒ 还剩一坛（不是整件消失）
  ✔ 没动的那件还在
  ✔ 扣到 0 才移出纳戒
  ✔ 要扣 5 坛而只有 2 坛 ⇒ 钳到 0、不留负值
  ✔ 「两壶灵酒」扣到「灵酒」头上（不被当成两件东西）
  ✔ 同一楼重复解析 ⇒ 不重复扣（幂等）
  ✔ 同一楼改成「两坛都喝」⇒ 回滚旧账后按新账算（已用尽）
  ✔ 该楼的 <纳戒> 被撤掉 ⇒ 回滚，酒回到两坛
  ✔ 那一楼被删除 ⇒ 对账回滚（酒回到两坛）
  ✔ 获得写 ×3 ⇒ 入账 3
  ✔ 要消耗一件没有的东西 ⇒ 只告警，不崩、不乱删
  ✔ 正文没提到那件酒 ⇒ 报的「消耗」被判无据、丢弃（两坛仍是两坛）
  ✔ 正文真的写了「取出一坛醉春风」⇒ 照常扣 1（剩一坛）
  ✔ 正文没提到那件东西 ⇒ 报的「获得」也被丢弃
  ✔ 正文写了「采到凤血灵芝」⇒ 正常入账
  ✔ 正文里没有「孤月」⇒ 报的破处记录被丢弃（照抄示例的典型）
  ✔ 连带不成形：九幽玄阴穴仍是 false
  ✔ 正文有「孤月」但没有破身实证 ⇒ 仍然丢弃
  ✔ 正文写了「孤月…失了身」⇒ 破处记录照常落地
  ✔ 锚点「封元镇灵环」为真也不再往纳戒里塞环（她的东西不进他的背包）
  ✔ 直报「孤月处女丧失」但正文无实证 ⇒ 丢弃，不成形
  ✔ 正文有实证 ⇒ 直报的「孤月处女丧失」照常落地并派生成形
  ✔ 派发一次：《极乐引》残篇进包
  ✔ 用掉之后不会再自己长回来（派发记录生效）
  ✔ 正文没提城破 ⇒ 报的「天溪城破」被丢弃（不会打开第 12 章）
  ✔ 正文写了城破 ⇒ 「天溪城破」照常入账
  ✔ 正文没提暴露 ⇒ 报的「封元镇灵环」被丢弃（不会打开第 13 章）
  ✔ 正文写了回归 ⇒ 「双姝回归」照常入账
  ✔ 先报一次：城破锚点入账
  ✔ 同一楼改口（改成没有锚点）⇒ 锚点被回滚
  ✔ 只破身、没走后门 ⇒ 般若菩提菊不成形
  ✔ 破身 ＋ 后窍开发都真 ⇒ 般若菩提菊成形
  ✔ 只走后门、没破身 ⇒ 仍不成形
  ✔ 第 10 楼：只破身 ⇒ 尚不成形
  ✔ 第 30 楼：后窍那句在正文里没依据 ⇒ 丢弃，仍不成形
  ✔ 第 32 楼：正文有实证 ⇒ 两条齐备，般若菩提菊成形
  ✔ 般若菩提菊成形 ⇒ 自动派发「般若菩提菊一阶段」
  ✔ 灵犀同心成形 ⇒ 派发的是「灵犀同心穴一阶段」（带穴字）

--------------------------------------------------------
【名器成形闸门自测】78 项通过，0 项失败
✅ 全通过（误报拦得住、真破身放得行、双姝用且、归属按破处者）
