✔ 菜单控制逻辑整体原样搬迁，仅依赖名接线；refreshGreetings字节保持 (214.623216ms)
✔ 创建工厂不绑定监听；重复bind复用同runtime和监听 (173.650894ms)
✔ 绑定新实例清理旧runtime及聊天事件；pagehide清理且幂等 (160.553653ms)
✔ chip原生填值冒泡input与aria-pressed更新，手动修改取消选中 (253.762592ms)
✔ 开菜单不吸附六月初七；自设提交回读两层后只发送一次且日期保持 (201.344681ms)
✔ 并发双击共用submitting guard，异步身份切换只执行一次 (193.114191ms)
✔ 未连接/正在生成/旧草稿/字段超长/非法日期阻止身份与发送 (164.027563ms)
✔ 身份写入失败/无可读层/两层不一致不发送，保留错误反馈 (758.994763ms)
✔ 根所属聊天和异步跨聊天guard阻止旧会话提交与发送 (559.507837ms)
✔ 发送触发后无确认可检查但不重复pick或send (368.045634ms)
✔ 提交期间编辑草稿保留原文，不覆盖或自动发送 (249.654849ms)
✔ 键盘Enter和Space激活label原生radio；复制菜单重新映射id/name (191.60862ms)
✔ 同源iframe attach委托chip，动态重渲染只绑定一次，dispose移除委托 (381.983082ms)
✔ 滑块拖动采用明确预设；增强失败原chip入口仍可用 (406.941009ms)
✔ 核心submit成功与guard拒绝路径和固定旧控制器实跑结果一致 (1697.86854ms)
✔ 实际adapter的16旧名接线可绑定、填值、保留六月初七并正常发送 (225.290267ms)
ℹ tests 16
ℹ suites 0
ℹ pass 16
ℹ fail 0
ℹ cancelled 0
ℹ skipped 0
ℹ todo 0
ℹ duration_ms 6655.506281
