✔ 最新归档声明的34个文件大小及SHA全部真实匹配 (6.685156ms)
✔ 同顺序同作用域拼接与最新完整状态机LF逐字节相同 (17.849179ms)
✔ 27个源片段边界完整，基线行区间连续且覆盖全部源码 (15.423682ms)
✔ 构建器仅增加模块先编译hook，运行时/时间滑块注入与脚本ID原样保留 (1.368434ms)
✔ 安装默认只读，无文件/备份产生 (31.549415ms)
✔ 首次安装32文件严格匹配交付SHA，原文件原字节完整备份 (84.6902ms)
✔ 重复安装内容不变，build与check可重复且不改文件 (167.63078ms)
✔ CRLF目标只读预检保持字节，安装为LF且备份保留CRLF (46.289489ms)
✔ 未知本机版本拒绝全包安装：卡片脚本/状态机.js (19.29226ms)
✔ 未知本机版本拒绝全包安装：_build_card.js (9.609712ms)
✔ 缺少必需构建器时全停，不生成源目录 (8.01127ms)
✔ 已有新模块被本机独立修改时拒覆盖全部文件 (11.803035ms)
✔ 共享依赖发生新改动时拒绝安装且保持全部源：src/correction-runtime.js (6.686006ms)
✔ 共享依赖发生新改动时拒绝安装且保持全部源：src/first_floor_rebuild/inject-timepoint.cjs (7.607276ms)
✔ 共享依赖发生新改动时拒绝安装且保持全部源：src/first_floor_rebuild/timepoint-slider.cjs (6.517412ms)
✔ 候选包非换行篡改拒绝全停：src/state-machine/main.js (8.086921ms)
✔ 候选包非换行篡改拒绝全停：_build_card.js (8.612592ms)
✔ 候选包非换行篡改拒绝全停：src/state-machine/build-state.json (10.629315ms)
✔ 候选模块缺失时安装全停 (7.386805ms)
✔ 模块清单乱序时--baseline拒绝，不触碰产物 (73.521005ms)
✔ 合法改模块可构建；只读check发现旧产物但不写入 (185.669179ms)
✔ 手改生成文件拒绝构建覆盖，全部原字节保持 (81.040135ms)
✔ 缺模块与非法清单路径在构建前失败且保持原产物 (108.021342ms)
✔ 目录链接拒绝安装，外部目标保持原样 (6.868855ms)
✔ 安装第5次替换注入故障后所有既有文件恢复、新增文件清除 (23.78231ms)
✔ 安装失败回滚尊重替换后的外部新改动，不把其它人的修改覆盖回旧版 (22.958303ms)
✔ 恢复默认只读；执行恢复返回原CRLF且删掉新增模块 (50.449252ms)
✔ 安装后有新改动或备份被篡改，恢复拒绝整包覆盖 (51.116377ms)
✔ 恢复第5次替换故障后保留全部已安装字节 (35.59029ms)
✔ 失败恢复后的旧/新/缺失混合状态可继续恢复，已经恢复时可重复预检 (35.615106ms)
✔ 模块化后实际源码门禁：_chk_deflower_impersonation.mjs (65.750268ms)
✔ 模块化后实际源码门禁：_chk_relic_progress.mjs (90.129454ms)
✔ 模块化后实际源码门禁：_chk_derive_ledger.mjs (74.687683ms)
✔ 模块化后实际源码门禁：_chk_tick_preflight.mjs (67.167764ms)
✔ 模块化后实际源码门禁：_chk_clock_acc.mjs (66.136387ms)
✔ 模块化后实际源码门禁：_chk_defect_four.mjs (69.817767ms)
✔ 模块化后实际源码门禁：_chk_anchor_gate.mjs (69.46003ms)
✔ 模块化后实际源码门禁：_chk_freefield_gate.mjs (71.028967ms)
✔ 模块化后实际源码门禁：_chk_mingqi_prereq.mjs (69.521694ms)
✔ 模块化后实际源码门禁：_chk_form_gate.mjs (136.287992ms)
ℹ tests 40
ℹ suites 0
ℹ pass 40
ℹ fail 0
ℹ cancelled 0
ℹ skipped 0
ℹ todo 0
ℹ duration_ms 2025.657811
