✔ 深合并保留旧键顺序时，等值来源记录不误报回读失败 (3.343921ms)
✔ 同步updater精确替换来源对象，保留其他名器/当前新增变量 (2.369152ms)
✔ updater分支应用与撤销恢复整条人工记录，不残留事务字段 (3.195935ms)
✔ updater消息层故障补偿chat，保留失败时其他写入 (1.566384ms)
✔ updater即时聊天守卫，回调延迟到切局后不能改新局 (0.694746ms)
✔ 真正回读不一致仍拒绝，并给出层/楼/路径而不输出私聊值 (0.681331ms)
✔ CRLF包与CRLF目标预检通过但保持原字节，不生成备份 (190.178851ms)
✔ 真实安装写清单规定LF，备份保留CRLF原字节 (153.170967ms)
✔ 非换行目标变化拒绝，六源全部不动且不备份 (107.446364ms)
✔ 候选内容变化拒绝而不覆盖任何目标 (142.018229ms)
✔ 接入CLI预检失败不运行打包；顺序执行器首错即停 (194.101447ms)
✔ JSON比较忽略排版/键序，真实差异输出路径摘要而不输出内容 (12.43517ms)
✔ 候选实际deriveRelicClosure尊重人工false和true (61.534111ms)
✔ 候选依赖使用有效父字段，关闭二阶段不新增一阶段 (6.925686ms)
✔ 候选日期校正同楼不重算，下一楼正常累加 (4.386568ms)
✔ 候选writeStat实际走共享服务，双方都回读 (15.410584ms)
✔ 候选完整applyStatusToVars缺状态块不改日期 (18.702838ms)
✔ 候选panel模板除三资源占位外可编译，实际状态读取覆盖接入存在 (9.397219ms)
✔ 人工灭后自动补真被挡；历史阶段保留 (24.119217ms)
✔ 人工true不被自动撤销 (5.628094ms)
✔ 阶段降级清高阶，低阶历史前缀保留 (3.738598ms)
✔ 缺正文四阶拒绝 (0.715936ms)
✔ 灵犀成形精确映射，未虚构穴成形 (0.890311ms)
✔ 烟霞熄灭通过阶段否定，不新造字段 (1.212834ms)
✔ 归属清空不会被NPC自动补回 (1.69313ms)
✔ 强制显示反色不修改归属，不点亮灰纹 (2.321924ms)
✔ 无有效来源解除手工true回false；墓碑不复活 (1.410703ms)
✔ 解除人工关闭有前置则重算自动成形 (1.360279ms)
✔ 不合法独立依赖不会让解除恢复true (2.327885ms)
✔ 日期保持累计平移基准，自定义六月初七保持 (0.740753ms)
✔ 非法日期与早期未来事件被拒，未写盘 (0.552311ms)
✔ 只允许主线白名单 (0.233807ms)
✔ 原型污染被拒 (0.295732ms)
✔ 单笔撤销完整覆盖和事实，日志在chat顶层 (2.144743ms)
✔ 相关键后续修改拒绝盲撤销 (0.731595ms)
✔ 无关状态改变不被撤销覆盖 (0.965342ms)
✔ 预览后事实改变要求重新预览 (0.47164ms)
✔ 切聊天或最新楼变化不写入 (0.435924ms)
✔ epoch捕获往返切聊天 (0.456061ms)
✔ 双击同一预览至多提交一笔 (1.129888ms)
✔ 消息层失败补偿chat，不动其他键 (0.754929ms)
✔ bool false返回是失败，不伪装通过 (0.312393ms)
✔ 没有覆盖时自动流程正常 (0.265716ms)
✔ 旧GM修改的已注册字段也登记人工锁 (1.073744ms)
✔ 全部保持时拒绝空操作 (0.191077ms)
✔ 已污染多事实可逐项纠正，不阻塞无关纹章修复 (1.804047ms)
✔ 新聊天空变量层可初始化，不退回整层替换 (0.299408ms)
ℹ tests 47
ℹ suites 0
ℹ pass 47
ℹ fail 0
ℹ cancelled 0
ℹ skipped 0
ℹ todo 0
ℹ duration_ms 914.49086
