{
  "checked": true,
  "sha256": "a885078e87ce748e42f7c247508527d50fd90fbc1710b5141c25f4340c034c53",
  "modules": [
    {
      "path": "bootstrap/header.js",
      "startLine": 1,
      "endLine": 65,
      "sha256": "e426b60a14caaf02761c68d35937e528643589ad52f9ba5b9c27e280fca1d39f"
    },
    {
      "path": "data/registry.js",
      "startLine": 66,
      "endLine": 351,
      "sha256": "45b14a6f4be2207553a2895ec9a026b94478135e085340d1b0afe5df33b46815"
    },
    {
      "path": "rules/stage-core.js",
      "startLine": 352,
      "endLine": 421,
      "sha256": "509bce90fd7ccfee8906936f452ef9517ba311c36e1f8575ebbf9b4938060811"
    },
    {
      "path": "rules/stage.js",
      "startLine": 422,
      "endLine": 426,
      "sha256": "5f6ca4be9f162c66c03fc53a60437a8753273feae0c6f02f98e6c9ef093e9350"
    },
    {
      "path": "utils/calendar-core.js",
      "startLine": 427,
      "endLine": 600,
      "sha256": "5ad56b2c64254bb0e95bedb945bd4813c01f4ec34e1472f19855701ca9861528"
    },
    {
      "path": "utils/calendar.js",
      "startLine": 601,
      "endLine": 633,
      "sha256": "be4ce172e7b79f08290e5c1cdf13e3d9a040bb3c16a57078e12fcdf1b5320f6d"
    },
    {
      "path": "utils/time-basis-core.js",
      "startLine": 634,
      "endLine": 669,
      "sha256": "f9a3057110c15d9c5a4179e2509ed38ca30f0b812e1187a2b6f7e4794ca03a5d"
    },
    {
      "path": "utils/time-basis.js",
      "startLine": 670,
      "endLine": 680,
      "sha256": "ff12fe7170f050c31a35e40b7d318fd5e0f52e1c3256f30f85414c0908916e25"
    },
    {
      "path": "rules/plot-policy-core.js",
      "startLine": 681,
      "endLine": 770,
      "sha256": "1e66a06c2d05b644c2f613acbd0d47105de12a8bb6b6a425f0c12a280626a268"
    },
    {
      "path": "rules/plot-gates.js",
      "startLine": 771,
      "endLine": 778,
      "sha256": "175e8331c043e5487176dfbecfcc7ea9519ead0c917ead681aee79d9845ff6c3"
    },
    {
      "path": "data/status-fields.js",
      "startLine": 779,
      "endLine": 826,
      "sha256": "9971e5e6fced5fc78d55a6a9c1da03354752eb536a9eab86b14d9ccc50dc0c00"
    },
    {
      "path": "host/api-core.js",
      "startLine": 827,
      "endLine": 928,
      "sha256": "c05871191a162f3abb0cd985e40016b72923e87a6df056acd77a99d6d9c521cb"
    },
    {
      "path": "host/api.js",
      "startLine": 929,
      "endLine": 970,
      "sha256": "a4a3443de104e85e3a30d67950fe07287f54008a670792fa4ce24782538816fe"
    },
    {
      "path": "state/paths.js",
      "startLine": 971,
      "endLine": 1011,
      "sha256": "bffd067a88f734af9da98198d6388c5afc16e46fe7a588f3b1ea26175198c7da"
    },
    {
      "path": "state/ledger-core.js",
      "startLine": 1012,
      "endLine": 1060,
      "sha256": "c989f550f3016ab4e966361c3df91b6427a4ab0ea59dedce6448b87db2f421fa"
    },
    {
      "path": "state/read.js",
      "startLine": 1061,
      "endLine": 1123,
      "sha256": "051d5c5085b5268fe0d0fab54fbd5abcc4f5c2fc69b47ff7d08dfb28afb615db"
    },
    {
      "path": "state/write.js",
      "startLine": 1124,
      "endLine": 1314,
      "sha256": "4dff7a9ebf56a3222272843be25cfe69139da3e35df6840127e1da0834d3a78a"
    },
    {
      "path": "rules/inventory-core.js",
      "startLine": 1315,
      "endLine": 1561,
      "sha256": "de4334dbf9042f9c113b540b952631a371b6a95c3e22fbf0f59e647301c0f028"
    },
    {
      "path": "rules/inventory.js",
      "startLine": 1562,
      "endLine": 1584,
      "sha256": "c4cfbec7354222d422c9d355bfbd71fd007e6acd8dd60a9d15af9d7fb327218b"
    },
    {
      "path": "state/init-core.js",
      "startLine": 1585,
      "endLine": 1690,
      "sha256": "3e0bde1c55b6980bf69e6e64e7eef534d570c1b995b0f760072518cd35e7457c"
    },
    {
      "path": "state/init.js",
      "startLine": 1691,
      "endLine": 1706,
      "sha256": "4ed8de219577a087a4c54ed03046097af10eba9eaead06e0e7043d5bb4ac5eb6"
    },
    {
      "path": "rules/subject-evidence-core.js",
      "startLine": 1707,
      "endLine": 1752,
      "sha256": "c5ecb32320b22c66e242d58dbe424b772c087d9d202a44ea61a6cac0c7c9c408"
    },
    {
      "path": "rules/subject-evidence.js",
      "startLine": 1753,
      "endLine": 1756,
      "sha256": "48949efa5f216bae0a36ba3d8193b8db4f53cd201a1b5dfcae19c6db2e6727d1"
    },
    {
      "path": "parsers/status-core.js",
      "startLine": 1757,
      "endLine": 2154,
      "sha256": "7e27b706db70832cf36aba0c797992ec86084f99ac34620161db10b0ff60a28f"
    },
    {
      "path": "parsers/status.js",
      "startLine": 2155,
      "endLine": 2201,
      "sha256": "a3c80fa9a4687e6d78083e07111946168039b3d6b65ba443b14ce3ae476ccba4"
    },
    {
      "path": "rules/anchor-validation-core.js",
      "startLine": 2202,
      "endLine": 2290,
      "sha256": "2388e90b7183351cd892c816cf9f9eb0c232faa5a8bd5ccfc05df32ff61b6270"
    },
    {
      "path": "rules/anchor-validation.js",
      "startLine": 2291,
      "endLine": 2302,
      "sha256": "fb1281c487ec0ddb7280ccd2f6978c1e0662a59a491f1603378e1dc6a8e5d8db"
    },
    {
      "path": "rules/relic-progress.js",
      "startLine": 2303,
      "endLine": 2524,
      "sha256": "c9d5baad0cef7a3c59d63627b7866d4a2a2e7133b66e30f7108a44469ded52e5"
    },
    {
      "path": "rules/milestones-core.js",
      "startLine": 2525,
      "endLine": 2981,
      "sha256": "0b6b3fad500c454c268b30ac8f7ad8c2c98cae322a9167f6040a74bd3266991f"
    },
    {
      "path": "rules/milestones.js",
      "startLine": 2982,
      "endLine": 3012,
      "sha256": "5e64c6b4002db3bc15f0bb3346910c8e765c16a1d28e84fb3e246b4783e5a531"
    },
    {
      "path": "rules/relic.js",
      "startLine": 3013,
      "endLine": 3144,
      "sha256": "62313adae7c375fabd30e7c2c69445e4b8860356c049d82a2d49c78fb995e8b9"
    },
    {
      "path": "rules/apply-status-core.js",
      "startLine": 3145,
      "endLine": 3521,
      "sha256": "2e11aaf6a32b41ebd3edde01eb8bbb5d24f77aa2595c674e47a43f14556c43f3"
    },
    {
      "path": "rules/apply-status.js",
      "startLine": 3522,
      "endLine": 3568,
      "sha256": "882b2587fd02563e596804eccd49c2f268635d8aa023532e3e1ef6d843dfcf02"
    },
    {
      "path": "parsers/output-contract.js",
      "startLine": 3569,
      "endLine": 3588,
      "sha256": "67fbdf8b0e03bebbff4aa89527125b48823dfcde789a453f075fe2920d959d2f"
    },
    {
      "path": "host/worldbook.js",
      "startLine": 3589,
      "endLine": 4087,
      "sha256": "fef02ca888b10a6ab85c8d5949fefa4b889548c4c34c12b421c0c3612b23ec29"
    },
    {
      "path": "host/messages-core.js",
      "startLine": 4088,
      "endLine": 4144,
      "sha256": "0a9c16092463421f1b21fa3c140740c1d9f414fe2f6f371fefcebdf52d31f4f8"
    },
    {
      "path": "host/messages.js",
      "startLine": 4145,
      "endLine": 4232,
      "sha256": "38d33268fb2283ad7edec37d7e30b24843a9c38c69c7464940b584d610159e28"
    },
    {
      "path": "ui/identity-menu-controller.js",
      "startLine": 4233,
      "endLine": 4732,
      "sha256": "950c7b2a99df707c9018417df3c95f9ddc3015a0b4ae014935bbf9af4b82eead"
    },
    {
      "path": "ui/identity-menu.js",
      "startLine": 4733,
      "endLine": 4784,
      "sha256": "5f07581f217ba9954d7083ee729caa2a782c8f1489a9069b007e5919f0b84fc9"
    },
    {
      "path": "commands/player.js",
      "startLine": 4785,
      "endLine": 5306,
      "sha256": "cb5058c0de81e0941e12afa474e314baa234120e15b6d2d7eccf9022f7036c34"
    },
    {
      "path": "diagnostics/anchors.js",
      "startLine": 5307,
      "endLine": 5357,
      "sha256": "6c5d9fe78485d174cd2516449c9e4c60ac4ad13647addb94c183db5d33cf8efd"
    },
    {
      "path": "state/status-operation.js",
      "startLine": 5358,
      "endLine": 5425,
      "sha256": "db9e6f3671f4822512e4ec1c39093f1c6c7d5af812fd02af88bebb1d6b8d64c9"
    },
    {
      "path": "runtime/message-transactions.js",
      "startLine": 5426,
      "endLine": 5465,
      "sha256": "5acd46948a32cc9d1a08eb50c4970e561d9fb251345e8188b07c913328a8b22a"
    },
    {
      "path": "runtime/dispatcher-core.js",
      "startLine": 5466,
      "endLine": 5657,
      "sha256": "3cb2933c4cbda089d147eac07fc122beef47cf8b5b072e77ebc21a3ce46c4d85"
    },
    {
      "path": "main.js",
      "startLine": 5658,
      "endLine": 5705,
      "sha256": "7e8a512c6cb639ff097e0e60f48e5b255b1edc5a6113604fb52c077e7c5e48ed"
    },
    {
      "path": "diagnostics/console.js",
      "startLine": 5706,
      "endLine": 5783,
      "sha256": "53d51fe2fce13a342a391c2938dc00aacbd925375002a0fe3706206b97ebd2e8"
    },
    {
      "path": "bootstrap/start.js",
      "startLine": 5784,
      "endLine": 5797,
      "sha256": "172f2983bbca22d5613432cf476c63f23e03b8fc357b14bb09049a72e187febc"
    }
  ],
  "bytes": 340750
}
