✔ P1-4 合法 0 不被跳过（0 + 0.02 = 0.02，而非 0.07）｜acc=0.02
✔ P1-4 真缺失（null）才回退到时点加速（0.05 + 0.02 = 0.07）｜acc=0.07
✔ P1-5 同楼撤销不重复叠加（1.02 → 1.02）｜acc=1.02
✔ P1-5 换楼正常累加（1.02 + 0.02 = 1.04）｜acc=1.04
✔ P1-2 换段不清零（3.5 + 0.02 = 3.52）｜acc=3.52
✔ P1-2 非法（负值）才归零（0 + 0.02 = 0.02）｜acc=0.02
✔ 无历时（stepM=0）⇒ adv=0、累计不动（2）｜acc=2 adv=0
✔ 十楼小步长累计无浮点垃圾（0.2）｜acc=0.19999999999999998
✔ 规格·常规上限 ＝ 0.1 月（3 日）｜LISHI_CAP=0.1
✔ 规格·过渡上限 ＝ 12 月（一年）｜LISHI_CAP_TRANSIT=12
✔ 常规历时超限 ⇒ 整笔不计（5 月申报，adv=0）｜adv=0 acc=0
✔ 超限带 clipped 与 rejected 标记（原来只是静默/诊断）｜clipped=true rejected=true
✔ 超限时把申报值原样带回（供落 [历时待确认]）｜raw=5 capM=0.1
✔ 超限拒绝时不改动已有累计（3.14 个月保持）｜acc=3.14
✔ 过渡历时 5 月计足（5 → 5，原被截成 3）｜adv=5
✔ ①「一日」解析 ＝ 1/30（不再只等于 0.033）｜v=0.03333333333333333
✔ ①「一日」> 旧上限 0.02（旧规则会被截成 0.6 日）｜v=0.03333333333333333
✔ ① 30 次「一日」记足 30 日（＝1 月，旧规则只记 18 日）｜acc=0.9999999999999999
✔ ② 转场正则认出「一个月」（旧式 false）｜hit=true
✔ ② 转场正则认出「数个月」｜hit=true
✔ ②「一个月」解析 ＝ 1｜v=1
✔ ②「一个月」按过渡计足 1 月（旧规则只记 0.02）｜adv=1
✔ ③「半年」解析 ＝ 6｜v=6
✔ ③「半年」计足 6 月（旧被截成 3）｜adv=6
✔ ④ 倒计时「距启程 3 日」不计增量｜v=0
✔ ④ 倒计时「还有两日」不计增量｜v=0
✔ ④ 倒计时「倒计时：三日后」不计增量｜v=0
✔ ④b 未来计划不计（「三日后启程」＝0，不因有"日"字就算已过）｜v=0
✔ ④b-2 师尊说的计划也不计（「师尊说三日后启程」＝0）｜v=0
✔ ④b-3 明写已过的转场照计（「三日已过，我们启程」＝3 日＝0.1 月）｜v=0.1
✔ ④b-4 定于/拟于 一律 0｜v=0
✔ ⑤「三日」计足 0.1 月｜v=0.1

门禁：历时推进（nextAcc ＋ parseLishi）  32 通过 / 0 失败
