========================================================
   《仙姝堕》名器数值变量 (RFC-002) 15项反例防御验证
========================================================

✔ 反例 0：旧局缺命名空间安全自愈，不抛异常
✔ 反例 1：新建项正确存回且 count = 1
✔ 第 1 楼 Swipe 0: count = 1
✔ 反例 2a：同楼重复渲染幂等，不重复累加
✔ 反例 2b：换 Swipe 1 无动作，自动扣除上一分支 delta 恢复 0
✔ 反例 2c：A -> B -> A 分支恢复，count 正确回到 1
✔ 第 2 楼新动作: count = 2
✔ 反例 3：名器未成形时坚决拒计 ｜ 名器「灼酒流炎穴」尚未成形，不可累积互动或晋阶
✔ 反例 4a：达到目标 5 次时置 ready = true
✔ 反例 4b：严禁自动改写 known 二阶段，必须由剧情生理迎合或 GM 触发
✔ 反例 5：无独立 stage 字段，彻底杜绝与 known 双真源冲突
✔ 反例 6：字符串 1 + 1 正确算为数字 2 而非 11
✔ 反例 7：负数被严格 Clamp 归零后再计算
✔ 反例 8：外部 target: 0 被强制修正为策略目标 5
✔ 反例 9：已达成第二境或以上时拒计新点数 ｜ 名器「灼酒流炎穴」已达第二境（情动），一升二浸润计数已闭合
✔ 反例 10：纯函数可在事务队列内同步调用生成完整 patch
✔ 反例 11a：未闭合标签被正确定位
✔ 反例 11b：后续 <地点> 标签未被吞噬，正确解析为庭院
✔ 解析出 1 条名器互动
✔ 反例 12：模型自造的「+1」被自动剔除，动作归一为「内射」
✔ 反例 13a：正文无实证词坚决拦截 ｜ 正文中未见「内射」事实实证（须出现内射/精液灌注等硬词）
✔ 反例 13b：正文为否定句时坚决拦截 ｜ 正文中「内射」实证落在否定或未发生分句中
✔ 反例 14a：无名器互动标签时返回 null（与破处/纳戒字段一致）
✔ 反例 14b：名器互动写「无」时解析为空数组
✔ 反例 15：动作对象漏传 ok: true 时防御生效，count 正确计为 1 而非 0

✅ 16项反例防御全部通过！
