【派生来源账本＋事务撤销】源 卡片脚本/状态机.js（SHA 336e019d93c528d0，切片 5565 字符）
  ✔ 空正文 fail-closed
  ✔ 只被点名（提起…的名字）不算出场
  ✔ 传闻／回忆不算出场
  ✔ 计划不算出场
  ✔ 真出场（走进＋笑）算出场
  ✔ **known[阎雷子脱困] 为真但无出场实证 ⇒ 不派生二阶段**（gpt ⑤ 的核心纠正）
  ✔ 有出场实证 ⇒ 派生二阶段
  ✔ 账本登记来源（类型＝出场实证）
  ✔ 派生事务里写明确 NPC 归属：烟霞灵乳 → 阎雷子
  ✔ 归属写了来源并标记「由脚本写」
  ✔ 出场即二境 ⇒ 一并补记一阶段
  ✔ 一阶段的来源类型＝依赖
  ✔ **已有既成归属（非脚本写的）⇒ 不覆盖**
  ✔ 并留下"保持既有来源"的日志
  ✔ 若是脚本自己上轮写的 ⇒ 可以按新事实改写
  ✔ 楚灵夜两项前置齐备 ⇒ 自动成形
  ✔ 账本登记来源（类型＝前置齐备）
  ✔ 只满足一项 ⇒ 不成形
  ✔ 来源清零 ⇒ 撤销该派生（进 patch.known=false）
  ✔ 撤销后账本写 null 墓碑
  ✔ **人工来源在场 ⇒ 不自动撤**
  ✔ **阶段2撤销不误删独立来源的阶段1**
  ✔ 出场是历史事件：账本已有来源且字段已真 ⇒ 既不再派发也不撤销
  ✔ 账本与归属来源确实落盘（源码实证）
  ✔ 撤销时有 [派生回退] 日志（源码实证）

✔ 全部通过（25 项）
