✔ 深合并保留旧键顺序时，等值来源记录不误报回读失败 (3.706097ms)
✔ 同步updater精确替换来源对象，保留其他名器/当前新增变量 (3.074458ms)
✔ updater分支应用与撤销恢复整条人工记录，不残留事务字段 (3.704414ms)
✔ updater消息层故障补偿chat，保留失败时其他写入 (1.677681ms)
✔ updater即时聊天守卫，回调延迟到切局后不能改新局 (1.944679ms)
✔ 真正回读不一致仍拒绝，并给出层/楼/路径而不输出私聊值 (0.587476ms)
✔ 候选实际deriveRelicClosure尊重人工false和true (35.80158ms)
✔ 候选依赖使用有效父字段，关闭二阶段不新增一阶段 (4.68312ms)
✔ 候选日期校正同楼不重算，下一楼正常累加 (3.393062ms)
✔ 候选writeStat实际走共享服务，双方都回读 (8.249588ms)
✔ 候选完整applyStatusToVars缺状态块不改日期 (7.60819ms)
✔ 候选panel模板除三资源占位外可编译，实际状态读取覆盖接入存在 (5.613627ms)
✔ 人工灭后自动补真被挡；历史阶段保留 (7.809946ms)
✔ 人工true不被自动撤销 (4.491223ms)
✔ 阶段降级清高阶，低阶历史前缀保留 (4.068544ms)
✔ 缺正文四阶拒绝 (0.927592ms)
✔ 灵犀成形精确映射，未虚构穴成形 (1.186575ms)
✔ 烟霞熄灭通过阶段否定，不新造字段 (2.134844ms)
✔ 归属清空不会被NPC自动补回 (2.515976ms)
✔ 强制显示反色不修改归属，不点亮灰纹 (1.102318ms)
✔ 无有效来源解除手工true回false；墓碑不复活 (2.068761ms)
✔ 解除人工关闭有前置则重算自动成形 (2.020461ms)
✔ 不合法独立依赖不会让解除恢复true (3.082303ms)
✔ 日期保持累计平移基准，自定义六月初七保持 (0.845387ms)
✔ 非法日期与早期未来事件被拒，未写盘 (0.829227ms)
✔ 只允许主线白名单 (0.509421ms)
✔ 原型污染被拒 (0.376262ms)
✔ 单笔撤销完整覆盖和事实，日志在chat顶层 (2.981324ms)
✔ 相关键后续修改拒绝盲撤销 (0.574453ms)
✔ 无关状态改变不被撤销覆盖 (1.032647ms)
✔ 预览后事实改变要求重新预览 (0.45531ms)
✔ 切聊天或最新楼变化不写入 (0.356305ms)
✔ epoch捕获往返切聊天 (0.387965ms)
✔ 双击同一预览至多提交一笔 (0.548655ms)
✔ 消息层失败补偿chat，不动其他键 (0.684638ms)
✔ bool false返回是失败，不伪装通过 (0.312072ms)
✔ 没有覆盖时自动流程正常 (0.279342ms)
✔ 旧GM修改的已注册字段也登记人工锁 (1.386147ms)
✔ 全部保持时拒绝空操作 (0.196016ms)
✔ 已污染多事实可逐项纠正，不阻塞无关纹章修复 (2.047051ms)
✔ 新聊天空变量层可初始化，不退回整层替换 (0.346637ms)
ℹ tests 41
ℹ suites 0
ℹ pass 41
ℹ fail 0
ℹ cancelled 0
ℹ skipped 0
ℹ todo 0
ℹ duration_ms 137.643167
